This is pdfTeX, Version 3.141592653-2.6-1.40.26 (TeX Live 2025/dev/Debian) (preloaded format=pdflatex 2025.12.24)  31 MAY 2026 03:39
entering extended mode
 restricted \write18 enabled.
 %&-line parsing enabled.
**main_document_processed.tex
(./main_document_processed.tex
LaTeX2e <2024-11-01> patch level 2
L3 programming layer <2025-01-18>
(/usr/share/texlive/texmf-dist/tex/latex/base/report.cls
Document Class: report 2024/06/29 v1.4n Standard LaTeX document class
(/usr/share/texlive/texmf-dist/tex/latex/base/size10.clo
File: size10.clo 2024/06/29 v1.4n Standard LaTeX file (size option)
)
\c@part=\count196
\c@chapter=\count197
\c@section=\count198
\c@subsection=\count199
\c@subsubsection=\count266
\c@paragraph=\count267
\c@subparagraph=\count268
\c@figure=\count269
\c@table=\count270
\abovecaptionskip=\skip49
\belowcaptionskip=\skip50
\bibindent=\dimen141
)
(/usr/share/texlive/texmf-dist/tex/latex/geometry/geometry.sty
Package: geometry 2020/01/02 v5.9 Page Geometry

(/usr/share/texlive/texmf-dist/tex/latex/graphics/keyval.sty
Package: keyval 2022/05/29 v1.15 key=value parser (DPC)
\KV@toks@=\toks17
)
(/usr/share/texlive/texmf-dist/tex/generic/iftex/ifvtex.sty
Package: ifvtex 2019/10/25 v1.7 ifvtex legacy package. Use iftex instead.

(/usr/share/texlive/texmf-dist/tex/generic/iftex/iftex.sty
Package: iftex 2024/12/12 v1.0g TeX engine tests
))
\Gm@cnth=\count271
\Gm@cntv=\count272
\c@Gm@tempcnt=\count273
\Gm@bindingoffset=\dimen142
\Gm@wd@mp=\dimen143
\Gm@odd@mp=\dimen144
\Gm@even@mp=\dimen145
\Gm@layoutwidth=\dimen146
\Gm@layoutheight=\dimen147
\Gm@layouthoffset=\dimen148
\Gm@layoutvoffset=\dimen149
\Gm@dimlist=\toks18
)
(/usr/share/texlive/texmf-dist/tex/latex/koma-script/scrextend.sty
Package: scrextend 2024/10/24 v3.43 KOMA-Script package (extend other classes w
ith features of KOMA-Script classes)

(/usr/share/texlive/texmf-dist/tex/latex/koma-script/scrkbase.sty
Package: scrkbase 2024/10/24 v3.43 KOMA-Script package (KOMA-Script-dependent b
asics and keyval usage)

(/usr/share/texlive/texmf-dist/tex/latex/koma-script/scrbase.sty
Package: scrbase 2024/10/24 v3.43 KOMA-Script package (KOMA-Script-independent 
basics and keyval usage)

(/usr/share/texlive/texmf-dist/tex/latex/koma-script/scrlfile.sty
Package: scrlfile 2024/10/24 v3.43 KOMA-Script package (file load hooks)

(/usr/share/texlive/texmf-dist/tex/latex/koma-script/scrlfile-hook.sty
Package: scrlfile-hook 2024/10/24 v3.43 KOMA-Script package (using LaTeX hooks)


(/usr/share/texlive/texmf-dist/tex/latex/koma-script/scrlogo.sty
Package: scrlogo 2024/10/24 v3.43 KOMA-Script package (logo)
)))
Applying: [2021/05/01] Usage of raw or classic option list on input line 254.
Already applied: [0000/00/00] Usage of raw or classic option list on input line
 370.
)))
Package scrextend Info: File `scrsize11pt.clo' used to setup font sizes on inpu
t line 6.

(/usr/share/texlive/texmf-dist/tex/latex/koma-script/scrsize11pt.clo
File: scrsize11pt.clo 2024/10/24 v3.43 KOMA-Script font size class option (11pt
)
)
(/usr/share/texlive/texmf-dist/tex/generic/babel/babel.sty
Package: babel 2025/02/14 v25.4 The multilingual framework for pdfLaTeX, LuaLaT
eX and XeLaTeX
\babel@savecnt=\count274
\U@D=\dimen150
\l@unhyphenated=\language90

(/usr/share/texlive/texmf-dist/tex/generic/babel/txtbabel.def)
\bbl@readstream=\read2
\bbl@dirlevel=\count275

(/usr/share/texlive/texmf-dist/tex/generic/babel-english/english.ldf
Language: english 2017/06/06 v3.3r English support from the babel system
Package babel Info: Hyphen rules for 'canadian' set to \l@english
(babel)             (\language0). Reported on input line 102.
Package babel Info: Hyphen rules for 'australian' set to \l@ukenglish
(babel)             (\language85). Reported on input line 105.
Package babel Info: Hyphen rules for 'newzealand' set to \l@ukenglish
(babel)             (\language85). Reported on input line 108.
)
(/usr/share/texlive/texmf-dist/tex/generic/babel-romanian/romanian.ldf
Language: romanian 2021/04/04 v1.2m Romanian support from the babel system
))
(/usr/share/texlive/texmf-dist/tex/generic/babel/locale/ro/babel-romanian.tex
Package babel Info: Importing font and identification data for romanian
(babel)             from babel-ro.ini. Reported on input line 11.
)
(/usr/share/texlive/texmf-dist/tex/generic/babel/locale/en/babel-english.tex
Package babel Info: Importing font and identification data for english
(babel)             from babel-en.ini. Reported on input line 11.
)
(/usr/share/texlive/texmf-dist/tex/latex/babelbib/babelbib.sty
Package: babelbib 2021/01/06 v1.34 babelbib: multilingual bibliographies
\c@btxromaniannumeral=\count276
)
(/usr/share/texlive/texmf-dist/tex/latex/minted/minted.sty
Package: minted 2025/03/06 v3.6.0 Yet another Pygments shim for LaTeX

(/usr/share/texlive/texmf-dist/tex/generic/catchfile/catchfile.sty
Package: catchfile 2019/12/09 v1.8 Catch the contents of a file (HO)

(/usr/share/texlive/texmf-dist/tex/generic/infwarerr/infwarerr.sty
Package: infwarerr 2019/12/03 v1.5 Providing info/warning/error messages (HO)
)
(/usr/share/texlive/texmf-dist/tex/generic/ltxcmds/ltxcmds.sty
Package: ltxcmds 2023-12-04 v1.26 LaTeX kernel commands for general use (HO)
)
(/usr/share/texlive/texmf-dist/tex/generic/etexcmds/etexcmds.sty
Package: etexcmds 2019/12/15 v1.7 Avoid name clashes with e-TeX commands (HO)
))
(/usr/share/texlive/texmf-dist/tex/latex/etoolbox/etoolbox.sty
Package: etoolbox 2025/02/11 v2.5l e-TeX tools for LaTeX (JAW)
\etb@tempcnta=\count277
)
(/usr/share/texlive/texmf-dist/tex/latex/fvextra/fvextra.sty
Package: fvextra 2025/03/04 v1.12.0 fvextra - extensions and patches for fancyv
rb

(/usr/share/texlive/texmf-dist/tex/latex/fancyvrb/fancyvrb.sty
Package: fancyvrb 2024/01/20 4.5c verbatim text (tvz,hv)
\FV@CodeLineNo=\count278
\FV@InFile=\read3
\FV@TabBox=\box52
\c@FancyVerbLine=\count279
\FV@StepNumber=\count280
\FV@OutFile=\write3
)
(/usr/share/texlive/texmf-dist/tex/generic/pdftexcmds/pdftexcmds.sty
Package: pdftexcmds 2020-06-27 v0.33 Utility functions of pdfTeX for LuaTeX (HO
)
Package pdftexcmds Info: \pdf@primitive is available.
Package pdftexcmds Info: \pdf@ifprimitive is available.
Package pdftexcmds Info: \pdfdraftmode found.
)
(/usr/share/texlive/texmf-dist/tex/latex/upquote/upquote.sty
Package: upquote 2012/04/19 v1.3 upright-quote and grave-accent glyphs in verba
tim
)
(/usr/share/texlive/texmf-dist/tex/latex/lineno/lineno.sty
Package: lineno 2025/01/29 line numbers on paragraphs v5.4

(/usr/share/texlive/texmf-dist/tex/latex/kvoptions/kvoptions.sty
Package: kvoptions 2022-06-15 v3.15 Key value format for package options (HO)

(/usr/share/texlive/texmf-dist/tex/latex/kvsetkeys/kvsetkeys.sty
Package: kvsetkeys 2022-10-05 v1.19 Key value parser (HO)
))
\linenopenalty=\count281
\output=\toks19
\linenoprevgraf=\count282
\linenumbersep=\dimen151
\linenumberwidth=\dimen152
\c@linenumber=\count283
\c@pagewiselinenumber=\count284
\c@LN@truepage=\count285
\c@internallinenumber=\count286
\c@internallinenumbers=\count287
\quotelinenumbersep=\dimen153
\bframerule=\dimen154
\bframesep=\dimen155
\bframebox=\box53
LaTeX Info: Redefining \\ on input line 3187.
)
\c@FancyVerbWriteLine=\count288
\c@FancyVerbBufferLine=\count289
\c@FV@TrueTabGroupLevel=\count290
\c@FV@TrueTabCounter=\count291
\FV@TabBox@Group=\box54
\FV@bgcolorstructbox=\box55
\FV@TmpLength=\skip51
\c@FV@HighlightLinesStart=\count292
\c@FV@HighlightLinesStop=\count293
\FV@LoopCount=\count294
\FV@NCharsBox=\box56
\FV@BreakIndent=\dimen156
\FV@BreakIndentNChars=\count295
\FV@BreakSymbolSepLeft=\dimen157
\FV@BreakSymbolSepLeftNChars=\count296
\FV@BreakSymbolSepRight=\dimen158
\FV@BreakSymbolSepRightNChars=\count297
\FV@BreakSymbolIndentLeft=\dimen159
\FV@BreakSymbolIndentLeftNChars=\count298
\FV@BreakSymbolIndentRight=\dimen160
\FV@BreakSymbolIndentRightNChars=\count299
\c@FancyVerbLineBreakLast=\count300
\FV@LineBox=\box57
\FV@LineIndentBox=\box58
\c@FV@BreakBufferDepth=\count301
\FV@LineWidth=\dimen161
)
(/usr/share/texlive/texmf-dist/tex/latex/latex2pydata/latex2pydata.sty
Package: latex2pydata 2025/03/03 v0.5.0 latex2pydata - write data to file in Py
thon literal format
)
(/usr/share/texlive/texmf-dist/tex/latex/pgf/utilities/pgfkeys.sty
(/usr/share/texlive/texmf-dist/tex/generic/pgf/utilities/pgfkeys.code.tex
\pgfkeys@pathtoks=\toks20
\pgfkeys@temptoks=\toks21

(/usr/share/texlive/texmf-dist/tex/generic/pgf/utilities/pgfkeyslibraryfiltered
.code.tex
\pgfkeys@tmptoks=\toks22
))) (/usr/share/texlive/texmf-dist/tex/latex/pgfopts/pgfopts.sty
Package: pgfopts 2014/07/10 v2.1a LaTeX package options with pgfkeys
\pgfopts@list@add@a@toks=\toks23
\pgfopts@list@add@b@toks=\toks24
)
(/usr/share/texlive/texmf-dist/tex/latex/tools/shellesc.sty
Package: shellesc 2023/07/08 v1.0d unified shell escape interface for LaTeX
Package shellesc Info: Restricted shell escape enabled on input line 77.
)
(/usr/share/texlive/texmf-dist/tex/latex/float/float.sty
Package: float 2001/11/08 v1.3d Float enhancements (AL)
\c@float@type=\count302
\float@exts=\toks25
\float@box=\box59
\@float@everytoks=\toks26
\@floatcapt=\box60
)
\c@minted@FancyVerbLineTemp=\count303
\@float@every@listing=\toks27
\c@listing=\count304
)
(/usr/share/texlive/texmf-dist/tex/latex/base/makeidx.sty
Package: makeidx 2021/10/04 v1.0m Standard LaTeX package
)
(/usr/share/texlive/texmf-dist/tex/latex/csquotes/csquotes.sty
Package: csquotes 2024-04-04 v5.2o context-sensitive quotations (JAW)
\csq@reset=\count305
\csq@gtype=\count306
\csq@glevel=\count307
\csq@qlevel=\count308
\csq@maxlvl=\count309
\csq@tshold=\count310
\csq@ltx@everypar=\toks28

(/usr/share/texlive/texmf-dist/tex/latex/csquotes/csquotes.def
File: csquotes.def 2024-04-04 v5.2o csquotes generic definitions (JAW)
)
Package csquotes Info: Trying to load configuration file 'csquotes.cfg'...
Package csquotes Info: ... configuration file loaded successfully.

(/usr/share/texlive/texmf-dist/tex/latex/csquotes/csquotes.cfg
File: csquotes.cfg 
))
(/usr/share/texlive/texmf-dist/tex/latex/base/inputenc.sty
Package: inputenc 2024/02/08 v1.3d Input encoding file
\inpenc@prehook=\toks29
\inpenc@posthook=\toks30
)
(./unicode_support.tex
(/usr/share/texlive/texmf-dist/tex/latex/tikzsymbols/tikzsymbols.sty
(/usr/share/texlive/texmf-dist/tex/latex/l3packages/xparse/xparse.sty
(/usr/share/texlive/texmf-dist/tex/latex/l3kernel/expl3.sty
Package: expl3 2025-01-18 L3 programming layer (loader) 

(/usr/share/texlive/texmf-dist/tex/latex/l3backend/l3backend-pdftex.def
File: l3backend-pdftex.def 2024-05-08 L3 backend support: PDF output (pdfTeX)
\l__color_backend_stack_int=\count311
\l__pdf_internal_box=\box61
))
Package: xparse 2024-08-16 L3 Experimental document command parser
)
Package: tikzsymbols 2021/12/14 v4.12a Some symbols created using tikz and LaTe
X3.

(/usr/share/texlive/texmf-dist/tex/latex/pgf/frontendlayer/tikz.sty
(/usr/share/texlive/texmf-dist/tex/latex/pgf/basiclayer/pgf.sty
(/usr/share/texlive/texmf-dist/tex/latex/pgf/utilities/pgfrcs.sty
(/usr/share/texlive/texmf-dist/tex/generic/pgf/utilities/pgfutil-common.tex
\pgfutil@everybye=\toks31
\pgfutil@tempdima=\dimen162
\pgfutil@tempdimb=\dimen163
)
(/usr/share/texlive/texmf-dist/tex/generic/pgf/utilities/pgfutil-latex.def
\pgfutil@abb=\box62
)
(/usr/share/texlive/texmf-dist/tex/generic/pgf/utilities/pgfrcs.code.tex
(/usr/share/texlive/texmf-dist/tex/generic/pgf/pgf.revision.tex)
Package: pgfrcs 2023-01-15 v3.1.10 (3.1.10)
))
Package: pgf 2023-01-15 v3.1.10 (3.1.10)

(/usr/share/texlive/texmf-dist/tex/latex/pgf/basiclayer/pgfcore.sty
(/usr/share/texlive/texmf-dist/tex/latex/graphics/graphicx.sty
Package: graphicx 2021/09/16 v1.2d Enhanced LaTeX Graphics (DPC,SPQR)

(/usr/share/texlive/texmf-dist/tex/latex/graphics/graphics.sty
Package: graphics 2024/08/06 v1.4g Standard LaTeX Graphics (DPC,SPQR)

(/usr/share/texlive/texmf-dist/tex/latex/graphics/trig.sty
Package: trig 2023/12/02 v1.11 sin cos tan (DPC)
)
(/usr/share/texlive/texmf-dist/tex/latex/graphics-cfg/graphics.cfg
File: graphics.cfg 2016/06/04 v1.11 sample graphics configuration
)
Package graphics Info: Driver file: pdftex.def on input line 106.

(/usr/share/texlive/texmf-dist/tex/latex/graphics-def/pdftex.def
File: pdftex.def 2024/04/13 v1.2c Graphics/color driver for pdftex
))
\Gin@req@height=\dimen164
\Gin@req@width=\dimen165
)
(/usr/share/texlive/texmf-dist/tex/latex/pgf/systemlayer/pgfsys.sty
(/usr/share/texlive/texmf-dist/tex/generic/pgf/systemlayer/pgfsys.code.tex
Package: pgfsys 2023-01-15 v3.1.10 (3.1.10)
\pgf@x=\dimen166
\pgf@y=\dimen167
\pgf@xa=\dimen168
\pgf@ya=\dimen169
\pgf@xb=\dimen170
\pgf@yb=\dimen171
\pgf@xc=\dimen172
\pgf@yc=\dimen173
\pgf@xd=\dimen174
\pgf@yd=\dimen175
\w@pgf@writea=\write4
\r@pgf@reada=\read4
\c@pgf@counta=\count312
\c@pgf@countb=\count313
\c@pgf@countc=\count314
\c@pgf@countd=\count315
\t@pgf@toka=\toks32
\t@pgf@tokb=\toks33
\t@pgf@tokc=\toks34
\pgf@sys@id@count=\count316

(/usr/share/texlive/texmf-dist/tex/generic/pgf/systemlayer/pgf.cfg
File: pgf.cfg 2023-01-15 v3.1.10 (3.1.10)
)
Driver file for pgf: pgfsys-pdftex.def

(/usr/share/texlive/texmf-dist/tex/generic/pgf/systemlayer/pgfsys-pdftex.def
File: pgfsys-pdftex.def 2023-01-15 v3.1.10 (3.1.10)

(/usr/share/texlive/texmf-dist/tex/generic/pgf/systemlayer/pgfsys-common-pdf.de
f
File: pgfsys-common-pdf.def 2023-01-15 v3.1.10 (3.1.10)
)))
(/usr/share/texlive/texmf-dist/tex/generic/pgf/systemlayer/pgfsyssoftpath.code.
tex
File: pgfsyssoftpath.code.tex 2023-01-15 v3.1.10 (3.1.10)
\pgfsyssoftpath@smallbuffer@items=\count317
\pgfsyssoftpath@bigbuffer@items=\count318
)
(/usr/share/texlive/texmf-dist/tex/generic/pgf/systemlayer/pgfsysprotocol.code.
tex
File: pgfsysprotocol.code.tex 2023-01-15 v3.1.10 (3.1.10)
)) (/usr/share/texlive/texmf-dist/tex/latex/xcolor/xcolor.sty
Package: xcolor 2024/09/29 v3.02 LaTeX color extensions (UK)

(/usr/share/texlive/texmf-dist/tex/latex/graphics-cfg/color.cfg
File: color.cfg 2016/01/02 v1.6 sample color configuration
)
Package xcolor Info: Driver file: pdftex.def on input line 274.

(/usr/share/texlive/texmf-dist/tex/latex/graphics/mathcolor.ltx)
Package xcolor Info: Model `cmy' substituted by `cmy0' on input line 1349.
Package xcolor Info: Model `hsb' substituted by `rgb' on input line 1353.
Package xcolor Info: Model `RGB' extended on input line 1365.
Package xcolor Info: Model `HTML' substituted by `rgb' on input line 1367.
Package xcolor Info: Model `Hsb' substituted by `hsb' on input line 1368.
Package xcolor Info: Model `tHsb' substituted by `hsb' on input line 1369.
Package xcolor Info: Model `HSB' substituted by `hsb' on input line 1370.
Package xcolor Info: Model `Gray' substituted by `gray' on input line 1371.
Package xcolor Info: Model `wave' substituted by `hsb' on input line 1372.
)
(/usr/share/texlive/texmf-dist/tex/generic/pgf/basiclayer/pgfcore.code.tex
Package: pgfcore 2023-01-15 v3.1.10 (3.1.10)

(/usr/share/texlive/texmf-dist/tex/generic/pgf/math/pgfmath.code.tex
(/usr/share/texlive/texmf-dist/tex/generic/pgf/math/pgfmathutil.code.tex)
(/usr/share/texlive/texmf-dist/tex/generic/pgf/math/pgfmathparser.code.tex
\pgfmath@dimen=\dimen176
\pgfmath@count=\count319
\pgfmath@box=\box63
\pgfmath@toks=\toks35
\pgfmath@stack@operand=\toks36
\pgfmath@stack@operation=\toks37
)
(/usr/share/texlive/texmf-dist/tex/generic/pgf/math/pgfmathfunctions.code.tex)
(/usr/share/texlive/texmf-dist/tex/generic/pgf/math/pgfmathfunctions.basic.code
.tex)
(/usr/share/texlive/texmf-dist/tex/generic/pgf/math/pgfmathfunctions.trigonomet
ric.code.tex)
(/usr/share/texlive/texmf-dist/tex/generic/pgf/math/pgfmathfunctions.random.cod
e.tex)
(/usr/share/texlive/texmf-dist/tex/generic/pgf/math/pgfmathfunctions.comparison
.code.tex)
(/usr/share/texlive/texmf-dist/tex/generic/pgf/math/pgfmathfunctions.base.code.
tex)
(/usr/share/texlive/texmf-dist/tex/generic/pgf/math/pgfmathfunctions.round.code
.tex)
(/usr/share/texlive/texmf-dist/tex/generic/pgf/math/pgfmathfunctions.misc.code.
tex)
(/usr/share/texlive/texmf-dist/tex/generic/pgf/math/pgfmathfunctions.integerari
thmetics.code.tex)
(/usr/share/texlive/texmf-dist/tex/generic/pgf/math/pgfmathcalc.code.tex)
(/usr/share/texlive/texmf-dist/tex/generic/pgf/math/pgfmathfloat.code.tex
\c@pgfmathroundto@lastzeros=\count320
))
(/usr/share/texlive/texmf-dist/tex/generic/pgf/math/pgfint.code.tex)
(/usr/share/texlive/texmf-dist/tex/generic/pgf/basiclayer/pgfcorepoints.code.te
x
File: pgfcorepoints.code.tex 2023-01-15 v3.1.10 (3.1.10)
\pgf@picminx=\dimen177
\pgf@picmaxx=\dimen178
\pgf@picminy=\dimen179
\pgf@picmaxy=\dimen180
\pgf@pathminx=\dimen181
\pgf@pathmaxx=\dimen182
\pgf@pathminy=\dimen183
\pgf@pathmaxy=\dimen184
\pgf@xx=\dimen185
\pgf@xy=\dimen186
\pgf@yx=\dimen187
\pgf@yy=\dimen188
\pgf@zx=\dimen189
\pgf@zy=\dimen190
)
(/usr/share/texlive/texmf-dist/tex/generic/pgf/basiclayer/pgfcorepathconstruct.
code.tex
File: pgfcorepathconstruct.code.tex 2023-01-15 v3.1.10 (3.1.10)
\pgf@path@lastx=\dimen191
\pgf@path@lasty=\dimen192
)
(/usr/share/texlive/texmf-dist/tex/generic/pgf/basiclayer/pgfcorepathusage.code
.tex
File: pgfcorepathusage.code.tex 2023-01-15 v3.1.10 (3.1.10)
\pgf@shorten@end@additional=\dimen193
\pgf@shorten@start@additional=\dimen194
)
(/usr/share/texlive/texmf-dist/tex/generic/pgf/basiclayer/pgfcorescopes.code.te
x
File: pgfcorescopes.code.tex 2023-01-15 v3.1.10 (3.1.10)
\pgfpic=\box64
\pgf@hbox=\box65
\pgf@layerbox@main=\box66
\pgf@picture@serial@count=\count321
)
(/usr/share/texlive/texmf-dist/tex/generic/pgf/basiclayer/pgfcoregraphicstate.c
ode.tex
File: pgfcoregraphicstate.code.tex 2023-01-15 v3.1.10 (3.1.10)
\pgflinewidth=\dimen195
)
(/usr/share/texlive/texmf-dist/tex/generic/pgf/basiclayer/pgfcoretransformation
s.code.tex
File: pgfcoretransformations.code.tex 2023-01-15 v3.1.10 (3.1.10)
\pgf@pt@x=\dimen196
\pgf@pt@y=\dimen197
\pgf@pt@temp=\dimen198
)
(/usr/share/texlive/texmf-dist/tex/generic/pgf/basiclayer/pgfcorequick.code.tex
File: pgfcorequick.code.tex 2023-01-15 v3.1.10 (3.1.10)
)
(/usr/share/texlive/texmf-dist/tex/generic/pgf/basiclayer/pgfcoreobjects.code.t
ex
File: pgfcoreobjects.code.tex 2023-01-15 v3.1.10 (3.1.10)
)
(/usr/share/texlive/texmf-dist/tex/generic/pgf/basiclayer/pgfcorepathprocessing
.code.tex
File: pgfcorepathprocessing.code.tex 2023-01-15 v3.1.10 (3.1.10)
)
(/usr/share/texlive/texmf-dist/tex/generic/pgf/basiclayer/pgfcorearrows.code.te
x
File: pgfcorearrows.code.tex 2023-01-15 v3.1.10 (3.1.10)
\pgfarrowsep=\dimen199
)
(/usr/share/texlive/texmf-dist/tex/generic/pgf/basiclayer/pgfcoreshade.code.tex
File: pgfcoreshade.code.tex 2023-01-15 v3.1.10 (3.1.10)
\pgf@max=\dimen256
\pgf@sys@shading@range@num=\count322
\pgf@shadingcount=\count323
)
(/usr/share/texlive/texmf-dist/tex/generic/pgf/basiclayer/pgfcoreimage.code.tex
File: pgfcoreimage.code.tex 2023-01-15 v3.1.10 (3.1.10)
)
(/usr/share/texlive/texmf-dist/tex/generic/pgf/basiclayer/pgfcoreexternal.code.
tex
File: pgfcoreexternal.code.tex 2023-01-15 v3.1.10 (3.1.10)
\pgfexternal@startupbox=\box67
)
(/usr/share/texlive/texmf-dist/tex/generic/pgf/basiclayer/pgfcorelayers.code.te
x
File: pgfcorelayers.code.tex 2023-01-15 v3.1.10 (3.1.10)
)
(/usr/share/texlive/texmf-dist/tex/generic/pgf/basiclayer/pgfcoretransparency.c
ode.tex
File: pgfcoretransparency.code.tex 2023-01-15 v3.1.10 (3.1.10)
)
(/usr/share/texlive/texmf-dist/tex/generic/pgf/basiclayer/pgfcorepatterns.code.
tex
File: pgfcorepatterns.code.tex 2023-01-15 v3.1.10 (3.1.10)
)
(/usr/share/texlive/texmf-dist/tex/generic/pgf/basiclayer/pgfcorerdf.code.tex
File: pgfcorerdf.code.tex 2023-01-15 v3.1.10 (3.1.10)
)))
(/usr/share/texlive/texmf-dist/tex/generic/pgf/modules/pgfmoduleshapes.code.tex
File: pgfmoduleshapes.code.tex 2023-01-15 v3.1.10 (3.1.10)
\pgfnodeparttextbox=\box68
) (/usr/share/texlive/texmf-dist/tex/generic/pgf/modules/pgfmoduleplot.code.tex
File: pgfmoduleplot.code.tex 2023-01-15 v3.1.10 (3.1.10)
)
(/usr/share/texlive/texmf-dist/tex/latex/pgf/compatibility/pgfcomp-version-0-65
.sty
Package: pgfcomp-version-0-65 2023-01-15 v3.1.10 (3.1.10)
\pgf@nodesepstart=\dimen257
\pgf@nodesepend=\dimen258
)
(/usr/share/texlive/texmf-dist/tex/latex/pgf/compatibility/pgfcomp-version-1-18
.sty
Package: pgfcomp-version-1-18 2023-01-15 v3.1.10 (3.1.10)
)) (/usr/share/texlive/texmf-dist/tex/latex/pgf/utilities/pgffor.sty
(/usr/share/texlive/texmf-dist/tex/latex/pgf/math/pgfmath.sty
(/usr/share/texlive/texmf-dist/tex/generic/pgf/math/pgfmath.code.tex))
(/usr/share/texlive/texmf-dist/tex/generic/pgf/utilities/pgffor.code.tex
Package: pgffor 2023-01-15 v3.1.10 (3.1.10)
\pgffor@iter=\dimen259
\pgffor@skip=\dimen260
\pgffor@stack=\toks38
\pgffor@toks=\toks39
))
(/usr/share/texlive/texmf-dist/tex/generic/pgf/frontendlayer/tikz/tikz.code.tex
Package: tikz 2023-01-15 v3.1.10 (3.1.10)

(/usr/share/texlive/texmf-dist/tex/generic/pgf/libraries/pgflibraryplothandlers
.code.tex
File: pgflibraryplothandlers.code.tex 2023-01-15 v3.1.10 (3.1.10)
\pgf@plot@mark@count=\count324
\pgfplotmarksize=\dimen261
)
\tikz@lastx=\dimen262
\tikz@lasty=\dimen263
\tikz@lastxsaved=\dimen264
\tikz@lastysaved=\dimen265
\tikz@lastmovetox=\dimen266
\tikz@lastmovetoy=\dimen267
\tikzleveldistance=\dimen268
\tikzsiblingdistance=\dimen269
\tikz@figbox=\box69
\tikz@figbox@bg=\box70
\tikz@tempbox=\box71
\tikz@tempbox@bg=\box72
\tikztreelevel=\count325
\tikznumberofchildren=\count326
\tikznumberofcurrentchild=\count327
\tikz@fig@count=\count328

(/usr/share/texlive/texmf-dist/tex/generic/pgf/modules/pgfmodulematrix.code.tex
File: pgfmodulematrix.code.tex 2023-01-15 v3.1.10 (3.1.10)
\pgfmatrixcurrentrow=\count329
\pgfmatrixcurrentcolumn=\count330
\pgf@matrix@numberofcolumns=\count331
)
\tikz@expandcount=\count332

(/usr/share/texlive/texmf-dist/tex/generic/pgf/frontendlayer/tikz/libraries/tik
zlibrarytopaths.code.tex
File: tikzlibrarytopaths.code.tex 2023-01-15 v3.1.10 (3.1.10)
)))
(/usr/share/texlive/texmf-dist/tex/latex/tools/xspace.sty
Package: xspace 2014/10/28 v1.13 Space after command names (DPC,MH)
)
(/usr/share/texlive/texmf-dist/tex/latex/l3packages/l3keys2e/l3keys2e.sty
Package: l3keys2e 2024-08-16 LaTeX2e option processing using LaTeX3 keys
)
(/usr/share/texlive/texmf-dist/tex/generic/pgf/frontendlayer/tikz/libraries/tik
zlibraryarrows.code.tex
File: tikzlibraryarrows.code.tex 2023-01-15 v3.1.10 (3.1.10)

(/usr/share/texlive/texmf-dist/tex/generic/pgf/libraries/pgflibraryarrows.code.
tex
File: pgflibraryarrows.code.tex 2023-01-15 v3.1.10 (3.1.10)
\arrowsize=\dimen270
))
(/usr/share/texlive/texmf-dist/tex/generic/pgf/frontendlayer/tikz/libraries/tik
zlibrarydecorations.pathmorphing.code.tex
(/usr/share/texlive/texmf-dist/tex/generic/pgf/frontendlayer/tikz/libraries/tik
zlibrarydecorations.code.tex
(/usr/share/texlive/texmf-dist/tex/generic/pgf/modules/pgfmoduledecorations.cod
e.tex
\pgfdecoratedcompleteddistance=\dimen271
\pgfdecoratedremainingdistance=\dimen272
\pgfdecoratedinputsegmentcompleteddistance=\dimen273
\pgfdecoratedinputsegmentremainingdistance=\dimen274
\pgf@decorate@distancetomove=\dimen275
\pgf@decorate@repeatstate=\count333
\pgfdecorationsegmentamplitude=\dimen276
\pgfdecorationsegmentlength=\dimen277
)
\tikz@lib@dec@box=\box73
)
(/usr/share/texlive/texmf-dist/tex/generic/pgf/libraries/decorations/pgflibrary
decorations.pathmorphing.code.tex))
(/usr/share/texlive/texmf-dist/tex/generic/pgf/frontendlayer/tikz/libraries/tik
zlibrarytrees.code.tex
File: tikzlibrarytrees.code.tex 2023-01-15 v3.1.10 (3.1.10)
)
\l__tikzsymbols_Moai_thickness_dim=\dimen278
\l__tikzsymbols_Kochtopf_nr_arguments_int=\count334
\l__tikzsymbols_Bratpfanne_nr_arguments_int=\count335
\l__tikzsymbols_Schneebesen_nr_arguments_int=\count336
\l__tikzsymbols_Sieb_nr_arguments_int=\count337
\l__tikzsymbols_Purierstab_nr_arguments_int=\count338
\l__tikzsymbols_Dreizack_nr_arguments_int=\count339
\l__tikzsymbols_Backblech_nr_arguments_int=\count340
\l__tikzsymbols_Ofen_nr_arguments_int=\count341
\l__tikzsymbols_Pfanne_nr_arguments_int=\count342
\l__tikzsymbols_Herd_nr_arguments_int=\count343
\l__tikzsymbols_Saftpresse_nr_arguments_int=\count344
\l__tikzsymbols_Schussel_nr_arguments_int=\count345
\l__tikzsymbols_Schaler_nr_arguments_int=\count346
\l__tikzsymbols_Reibe_nr_arguments_int=\count347
\l__tikzsymbols_Flasche_nr_arguments_int=\count348
\l__tikzsymbols_Nudelholz_nr_arguments_int=\count349
\l__tikzsymbols_Knoblauchpresse_nr_arguments_int=\count350
\l__tikzsymbols_Sadey_nr_arguments_int=\count351
\l__tikzsymbols_dSadey_nr_arguments_int=\count352
\l__tikzsymbols_Changey_nr_arguments_int=\count353
\l__tikzsymbols_dChangey_nr_arguments_int=\count354
\l__tikzsymbols_cChangey_nr_arguments_int=\count355
\l__tikzsymbols_dcChangey_nr_arguments_int=\count356
\l__tikzsymbols_Annoey_nr_arguments_int=\count357
\l__tikzsymbols_dAnnoey_nr_arguments_int=\count358
\l__tikzsymbols_Smiley_nr_arguments_int=\count359
\l__tikzsymbols_dSmiley_nr_arguments_int=\count360
\l__tikzsymbols_Laughey_nr_arguments_int=\count361
\l__tikzsymbols_dLaughey_nr_arguments_int=\count362
\l__tikzsymbols_Neutrey_nr_arguments_int=\count363
\l__tikzsymbols_dNeutrey_nr_arguments_int=\count364
\l__tikzsymbols_Winkey_nr_arguments_int=\count365
\l__tikzsymbols_oldWinkey_nr_arguments_int=\count366
\l__tikzsymbols_dWinkey_nr_arguments_int=\count367
\l__tikzsymbols_olddWinkey_nr_arguments_int=\count368
\l__tikzsymbols_Sey_nr_arguments_int=\count369
\l__tikzsymbols_dSey_nr_arguments_int=\count370
\l__tikzsymbols_Xey_nr_arguments_int=\count371
\l__tikzsymbols_dXey_nr_arguments_int=\count372
\l__tikzsymbols_Innocey_nr_arguments_int=\count373
\l__tikzsymbols_wInnocey_nr_arguments_int=\count374
\l__tikzsymbols_dInnocey_nr_arguments_int=\count375
\l__tikzsymbols_Cooley_nr_arguments_int=\count376
\l__tikzsymbols_dCooley_nr_arguments_int=\count377
\l__tikzsymbols_Tongey_nr_arguments_int=\count378
\l__tikzsymbols_dTongey_nr_arguments_int=\count379
\l__tikzsymbols_Nursey_nr_arguments_int=\count380
\l__tikzsymbols_dNursey_nr_arguments_int=\count381
\l__tikzsymbols_Vomey_nr_arguments_int=\count382
\l__tikzsymbols_dVomey_nr_arguments_int=\count383
\l__tikzsymbols_Walley_nr_arguments_int=\count384
\l__tikzsymbols_rWalley_nr_arguments_int=\count385
\l__tikzsymbols_dWalley_nr_arguments_int=\count386
\l__tikzsymbols_drWalley_nr_arguments_int=\count387
\l__tikzsymbols_Cat_nr_arguments_int=\count388
\l__tikzsymbols_SchrodingersCat_nr_arguments_int=\count389
\l__tikzsymbols_Ninja_nr_arguments_int=\count390
\l__tikzsymbols_dNinja_nr_arguments_int=\count391
\l__tikzsymbols_Sleepey_nr_arguments_int=\count392
\l__tikzsymbols_dSleepey_nr_arguments_int=\count393
\l__tikzsymbols_Maskey_nr_arguments_int=\count394
\l__tikzsymbols_NiceReapey_nr_arguments_int=\count395
\l__tikzsymbols_Strichmaxerl_nr_arguments_int=\count396
\l__tikzsymbols_Person_nr_arguments_int=\count397
\l__tikzsymbols_Heart_nr_arguments_int=\count398
\l__tikzsymbols_dHeart_nr_arguments_int=\count399
\l__tikzsymbols_HeartBroken_nr_arguments_int=\count400
\l__tikzsymbols_Candle_nr_arguments_int=\count401
\l__tikzsymbols_Fire_nr_arguments_int=\count402
\l__tikzsymbols_Coffeecup_nr_arguments_int=\count403
\l__tikzsymbols_Chair_nr_arguments_int=\count404
\l__tikzsymbols_Bed_nr_arguments_int=\count405
\l__tikzsymbols_Tribar_nr_arguments_int=\count406
\l__tikzsymbols_Moai_nr_arguments_int=\count407
\l__tikzsymbols_Snowman_nr_arguments_int=\count408
\l__tikzsymbols_BasicTree_nr_arguments_int=\count409
\l__tikzsymbols_WorstTree_nr_arguments_int=\count410
\l__tikzsymbols_Springtree_nr_arguments_int=\count411
\l__tikzsymbols_Summertree_nr_arguments_int=\count412
\l__tikzsymbols_Autumntree_nr_arguments_int=\count413
\l__tikzsymbols_Wintertree_nr_arguments_int=\count414
)
(/usr/share/texlive/texmf-dist/tex/latex/base/textcomp.sty
Package: textcomp 2024/04/24 v2.1b Standard LaTeX package
)
(/usr/share/texmf/tex/latex/CJK/CJKutf8.sty
Package: CJKutf8 2021/10/16 4.8.5

(/usr/share/texlive/texmf-dist/tex/generic/iftex/ifpdf.sty
Package: ifpdf 2019/10/25 v3.4 ifpdf legacy package. Use iftex instead.
)
(/usr/share/texmf/tex/latex/CJK/CJK.sty
Package: CJK 2021/10/16 4.8.5

(/usr/share/texmf/tex/latex/CJK/mule/MULEenc.sty
Package: MULEenc 2021/10/16 4.8.5
)
(/usr/share/texmf/tex/latex/CJK/CJK.enc
File: CJK.enc 2021/10/16 4.8.5
Now handling font encoding C00 ...
... no UTF-8 mapping file for font encoding C00
Now handling font encoding C05 ...
... no UTF-8 mapping file for font encoding C05
Now handling font encoding C09 ...
... no UTF-8 mapping file for font encoding C09
Now handling font encoding C10 ...
... no UTF-8 mapping file for font encoding C10
Now handling font encoding C20 ...
... no UTF-8 mapping file for font encoding C20
Now handling font encoding C19 ...
... no UTF-8 mapping file for font encoding C19
Now handling font encoding C40 ...
... no UTF-8 mapping file for font encoding C40
Now handling font encoding C42 ...
... no UTF-8 mapping file for font encoding C42
Now handling font encoding C43 ...
... no UTF-8 mapping file for font encoding C43
Now handling font encoding C50 ...
... no UTF-8 mapping file for font encoding C50
Now handling font encoding C52 ...
... no UTF-8 mapping file for font encoding C52
Now handling font encoding C49 ...
... no UTF-8 mapping file for font encoding C49
Now handling font encoding C60 ...
... no UTF-8 mapping file for font encoding C60
Now handling font encoding C61 ...
... no UTF-8 mapping file for font encoding C61
Now handling font encoding C63 ...
... no UTF-8 mapping file for font encoding C63
Now handling font encoding C64 ...
... no UTF-8 mapping file for font encoding C64
Now handling font encoding C65 ...
... no UTF-8 mapping file for font encoding C65
Now handling font encoding C70 ...
... no UTF-8 mapping file for font encoding C70
Now handling font encoding C31 ...
... no UTF-8 mapping file for font encoding C31
Now handling font encoding C32 ...
... no UTF-8 mapping file for font encoding C32
Now handling font encoding C33 ...
... no UTF-8 mapping file for font encoding C33
Now handling font encoding C34 ...
... no UTF-8 mapping file for font encoding C34
Now handling font encoding C35 ...
... no UTF-8 mapping file for font encoding C35
Now handling font encoding C36 ...
... no UTF-8 mapping file for font encoding C36
Now handling font encoding C37 ...
... no UTF-8 mapping file for font encoding C37
Now handling font encoding C80 ...
... no UTF-8 mapping file for font encoding C80
Now handling font encoding C81 ...
... no UTF-8 mapping file for font encoding C81
Now handling font encoding C01 ...
... no UTF-8 mapping file for font encoding C01
Now handling font encoding C11 ...
... no UTF-8 mapping file for font encoding C11
Now handling font encoding C21 ...
... no UTF-8 mapping file for font encoding C21
Now handling font encoding C41 ...
... no UTF-8 mapping file for font encoding C41
Now handling font encoding C62 ...
... no UTF-8 mapping file for font encoding C62
)
\CJK@indent=\box74
)
(/usr/share/texlive/texmf-dist/tex/latex/base/fontenc.sty
Package: fontenc 2021/04/29 v2.0v Standard LaTeX package
))
\UnicodeHanBox=\box75
\UnicodeMusicalGClefBox=\box76
   defining Unicode char U+0398 (decimal 920)
   defining Unicode char U+03C0 (decimal 960)
   defining Unicode char U+2603 (decimal 9731)
   defining Unicode char U+1F600 (decimal 128512)
   defining Unicode char U+6F22 (decimal 28450)
   defining Unicode char U+1D11E (decimal 119070)
   defining Unicode char U+0301 (decimal 769)
   defining Unicode char U+2014 (decimal 8212)
   defining Unicode char U+2019 (decimal 8217)
   defining Unicode char U+201C (decimal 8220)
   defining Unicode char U+201D (decimal 8221)
)
(/usr/share/texlive/texmf-dist/tex/latex/psnfss/pifont.sty
Package: pifont 2020/03/25 PSNFSS-v9.3 Pi font support (SPQR) 
LaTeX Font Info:    Trying to load font information for U+pzd on input line 63.


(/usr/share/texlive/texmf-dist/tex/latex/psnfss/upzd.fd
File: upzd.fd 2001/06/04 font definitions for U/pzd.
)
LaTeX Font Info:    Trying to load font information for U+psy on input line 64.


(/usr/share/texlive/texmf-dist/tex/latex/psnfss/upsy.fd
File: upsy.fd 2001/06/04 font definitions for U/psy.
))
(/usr/share/texlive/texmf-dist/tex/latex/base/fontenc.sty
Package: fontenc 2021/04/29 v2.0v Standard LaTeX package
)
(/usr/share/texlive/texmf-dist/tex/latex/amsfonts/amssymb.sty
Package: amssymb 2013/01/14 v3.01 AMS font symbols

(/usr/share/texlive/texmf-dist/tex/latex/amsfonts/amsfonts.sty
Package: amsfonts 2013/01/14 v3.01 Basic AMSFonts support
\@emptytoks=\toks40
\symAMSa=\mathgroup4
\symAMSb=\mathgroup5
LaTeX Font Info:    Redeclaring math symbol \hbar on input line 98.
LaTeX Font Info:    Overwriting math alphabet `\mathfrak' in version `bold'
(Font)                  U/euf/m/n --> U/euf/b/n on input line 106.
))
(/usr/share/texlive/texmf-dist/tex/latex/caption/subcaption.sty
Package: subcaption 2023/07/28 v1.6b Sub-captions (AR)

(/usr/share/texlive/texmf-dist/tex/latex/caption/caption.sty
Package: caption 2023/08/05 v3.6o Customizing captions (AR)

(/usr/share/texlive/texmf-dist/tex/latex/caption/caption3.sty
Package: caption3 2023/07/31 v2.4d caption3 kernel (AR)
\caption@tempdima=\dimen279
\captionmargin=\dimen280
\caption@leftmargin=\dimen281
\caption@rightmargin=\dimen282
\caption@width=\dimen283
\caption@indent=\dimen284
\caption@parindent=\dimen285
\caption@hangindent=\dimen286
Package caption Info: Standard document class detected.
)
\c@caption@flags=\count415
\c@continuedfloat=\count416
Package caption Info: float package is loaded.
Package caption Info: scrextend package is loaded.
\caption@addmargin@hsize=\dimen287
\caption@addmargin@linewidth=\dimen288
)
Package caption Info: New subtype `subfigure' on input line 238.
\c@subfigure=\count417
Package caption Info: New subtype `subtable' on input line 238.
\c@subtable=\count418
)
(/usr/share/texlive/texmf-dist/tex/latex/booktabs/booktabs.sty
Package: booktabs 2020/01/12 v1.61803398 Publication quality tables
\heavyrulewidth=\dimen289
\lightrulewidth=\dimen290
\cmidrulewidth=\dimen291
\belowrulesep=\dimen292
\belowbottomsep=\dimen293
\aboverulesep=\dimen294
\abovetopsep=\dimen295
\cmidrulesep=\dimen296
\cmidrulekern=\dimen297
\defaultaddspace=\dimen298
\@cmidla=\count419
\@cmidlb=\count420
\@aboverulesep=\dimen299
\@belowrulesep=\dimen300
\@thisruleclass=\count421
\@lastruleclass=\count422
\@thisrulewidth=\dimen301
)
(/usr/share/texlive/texmf-dist/tex/latex/tools/array.sty
Package: array 2024/10/17 v2.6g Tabular extension package (FMi)
\col@sep=\dimen302
\ar@mcellbox=\box77
\extrarowheight=\dimen303
\NC@list=\toks41
\extratabsurround=\skip52
\backup@length=\skip53
\ar@cellbox=\box78
)
(/usr/share/texlive/texmf-dist/tex/latex/colortbl/colortbl.sty
Package: colortbl 2024/07/06 v1.0i Color table columns (DPC)
\everycr=\toks42
\minrowclearance=\skip54
\rownum=\count423
)
(/usr/share/texlive/texmf-dist/tex/latex/graphics/rotating.sty
Package: rotating 2016/08/11 v2.16d rotated objects in LaTeX

(/usr/share/texlive/texmf-dist/tex/latex/base/ifthen.sty
Package: ifthen 2024/03/16 v1.1e Standard LaTeX ifthen package (DPC)
)
\c@r@tfl@t=\count424
\rotFPtop=\skip55
\rotFPbot=\skip56
\rot@float@box=\box79
\rot@mess@toks=\toks43
)
(/usr/share/texlive/texmf-dist/tex/latex/fancyhdr/fancyhdr.sty
Package: fancyhdr 2025/02/07 v5.2 Extensive control of page headers and footers

\f@nch@headwidth=\skip57
\f@nch@offset@elh=\skip58
\f@nch@offset@erh=\skip59
\f@nch@offset@olh=\skip60
\f@nch@offset@orh=\skip61
\f@nch@offset@elf=\skip62
\f@nch@offset@erf=\skip63
\f@nch@offset@olf=\skip64
\f@nch@offset@orf=\skip65
\f@nch@height=\skip66
\f@nch@footalignment=\skip67
\f@nch@widthL=\skip68
\f@nch@widthC=\skip69
\f@nch@widthR=\skip70
\@temptokenb=\toks44
)
(/usr/share/texlive/texmf-dist/tex/latex/bbm-macros/bbm.sty
Package: bbm 1999/03/15 V 1.2 provides fonts for set symbols - TH
LaTeX Font Info:    Overwriting math alphabet `\mathbbm' in version `bold'
(Font)                  U/bbm/m/n --> U/bbm/bx/n on input line 33.
LaTeX Font Info:    Overwriting math alphabet `\mathbbmss' in version `bold'
(Font)                  U/bbmss/m/n --> U/bbmss/bx/n on input line 35.
)
(/usr/share/texlive/texmf-dist/tex/latex/amsmath/amsmath.sty
Package: amsmath 2024/11/05 v2.17t AMS math features
\@mathmargin=\skip71

For additional information on amsmath, use the `?' option.
(/usr/share/texlive/texmf-dist/tex/latex/amsmath/amstext.sty
Package: amstext 2021/08/26 v2.01 AMS text

(/usr/share/texlive/texmf-dist/tex/latex/amsmath/amsgen.sty
File: amsgen.sty 1999/11/30 v2.0 generic functions
\@emptytoks=\toks45
\ex@=\dimen304
))
(/usr/share/texlive/texmf-dist/tex/latex/amsmath/amsbsy.sty
Package: amsbsy 1999/11/29 v1.2d Bold Symbols
\pmbraise@=\dimen305
)
(/usr/share/texlive/texmf-dist/tex/latex/amsmath/amsopn.sty
Package: amsopn 2022/04/08 v2.04 operator names
)
\inf@bad=\count425
LaTeX Info: Redefining \frac on input line 233.
\uproot@=\count426
\leftroot@=\count427
LaTeX Info: Redefining \overline on input line 398.
LaTeX Info: Redefining \colon on input line 409.
\classnum@=\count428
\DOTSCASE@=\count429
LaTeX Info: Redefining \ldots on input line 495.
LaTeX Info: Redefining \dots on input line 498.
LaTeX Info: Redefining \cdots on input line 619.
\Mathstrutbox@=\box80
\strutbox@=\box81
LaTeX Info: Redefining \big on input line 721.
LaTeX Info: Redefining \Big on input line 722.
LaTeX Info: Redefining \bigg on input line 723.
LaTeX Info: Redefining \Bigg on input line 724.
\big@size=\dimen306
LaTeX Font Info:    Redeclaring font encoding OML on input line 742.
LaTeX Font Info:    Redeclaring font encoding OMS on input line 743.
\macc@depth=\count430
LaTeX Info: Redefining \bmod on input line 904.
LaTeX Info: Redefining \pmod on input line 909.
LaTeX Info: Redefining \smash on input line 939.
LaTeX Info: Redefining \relbar on input line 969.
LaTeX Info: Redefining \Relbar on input line 970.
\c@MaxMatrixCols=\count431
\dotsspace@=\muskip17
\c@parentequation=\count432
\dspbrk@lvl=\count433
\tag@help=\toks46
\row@=\count434
\column@=\count435
\maxfields@=\count436
\andhelp@=\toks47
\eqnshift@=\dimen307
\alignsep@=\dimen308
\tagshift@=\dimen309
\tagwidth@=\dimen310
\totwidth@=\dimen311
\lineht@=\dimen312
\@envbody=\toks48
\multlinegap=\skip72
\multlinetaggap=\skip73
\mathdisplay@stack=\toks49
LaTeX Info: Redefining \[ on input line 2953.
LaTeX Info: Redefining \] on input line 2954.
)
\@LN@amsmath@ams@eqpen=\count437

(/usr/share/texlive/texmf-dist/tex/latex/amscls/amsthm.sty
Package: amsthm 2020/05/29 v2.20.6
\thm@style=\toks50
\thm@bodyfont=\toks51
\thm@headfont=\toks52
\thm@notefont=\toks53
\thm@headpunct=\toks54
\thm@preskip=\skip74
\thm@postskip=\skip75
\thm@headsep=\skip76
\dth@everypar=\toks55
)
(/usr/share/texlive/texmf-dist/tex/latex/diagbox/diagbox.sty
Package: diagbox 2020/02/09 v2.3 Making table heads with diagonal lines

(/usr/share/texlive/texmf-dist/tex/latex/pict2e/pict2e.sty
Package: pict2e 2020/09/30 v0.4b Improved picture commands (HjG,RN,JT)

(/usr/share/texlive/texmf-dist/tex/latex/pict2e/pict2e.cfg
File: pict2e.cfg 2016/02/05 v0.1u pict2e configuration for teTeX/TeXLive
)
Package pict2e Info: Driver file: pdftex.def on input line 112.
Package pict2e Info: Driver file for pict2e: p2e-pdftex.def on input line 114.

(/usr/share/texlive/texmf-dist/tex/latex/pict2e/p2e-pdftex.def
File: p2e-pdftex.def 2016/02/05 v0.1u Driver-dependant file (RN,HjG,JT)
)
\pIIe@GRAPH=\toks56
\@arclen=\dimen313
\@arcrad=\dimen314
\pIIe@tempdima=\dimen315
\pIIe@tempdimb=\dimen316
\pIIe@tempdimc=\dimen317
\pIIe@tempdimd=\dimen318
\pIIe@tempdime=\dimen319
\pIIe@tempdimf=\dimen320
)
(/usr/share/texlive/texmf-dist/tex/latex/tools/calc.sty
Package: calc 2023/07/08 v4.3 Infix arithmetic (KKT,FJ)
\calc@Acount=\count438
\calc@Bcount=\count439
\calc@Adimen=\dimen321
\calc@Bdimen=\dimen322
\calc@Askip=\skip77
\calc@Bskip=\skip78
LaTeX Info: Redefining \setlength on input line 80.
LaTeX Info: Redefining \addtolength on input line 81.
\calc@Ccount=\count440
\calc@Cskip=\skip79
)
\diagbox@boxa=\box82
\diagbox@boxb=\box83
\diagbox@boxm=\box84
\diagbox@wd=\dimen323
\diagbox@ht=\dimen324
\diagbox@insepl=\dimen325
\diagbox@insepr=\dimen326
\diagbox@outsepl=\dimen327
\diagbox@outsepr=\dimen328
)
(/usr/share/texlive/texmf-dist/tex/latex/wrapfig/wrapfig.sty
\wrapoverhang=\dimen329
\WF@size=\dimen330
\c@WF@wrappedlines=\count441
\WF@box=\box85
\WF@everypar=\toks57
Package: wrapfig 2003/01/31  v 3.6
)
(/usr/share/texlive/texmf-dist/tex/latex/tcolorbox/tcolorbox.sty
Package: tcolorbox 2024/10/22 version 6.4.1 text color boxes

(/usr/share/texlive/texmf-dist/tex/latex/tools/verbatim.sty
Package: verbatim 2024-01-22 v1.5x LaTeX2e package for verbatim enhancements
\every@verbatim=\toks58
\verbatim@line=\toks59
\verbatim@in@stream=\read5
)
(/usr/share/texlive/texmf-dist/tex/latex/environ/environ.sty
Package: environ 2014/05/04 v0.3 A new way to define environments

(/usr/share/texlive/texmf-dist/tex/latex/trimspaces/trimspaces.sty
Package: trimspaces 2009/09/17 v1.1 Trim spaces around a token list
))
\tcb@titlebox=\box86
\tcb@upperbox=\box87
\tcb@lowerbox=\box88
\tcb@phantombox=\box89
\c@tcbbreakpart=\count442
\c@tcblayer=\count443
\c@tcolorbox@number=\count444
\l__tcobox_tmpa_box=\box90
\l__tcobox_tmpa_dim=\dimen331
\tcb@temp=\box91
\tcb@temp=\box92
\tcb@temp=\box93
\tcb@temp=\box94

(/usr/share/texlive/texmf-dist/tex/latex/tcolorbox/tcbraster.code.tex
Library (tcolorbox): 'tcbraster.code.tex' version '6.4.1'
\c@tcbrastercolumn=\count445
\c@tcbrasterrow=\count446
\c@tcbrasternum=\count447
\c@tcbraster=\count448
) (/usr/share/texlive/texmf-dist/tex/latex/tcolorbox/tcbskins.code.tex
Library (tcolorbox): 'tcbskins.code.tex' version '6.4.1'
(/usr/share/texlive/texmf-dist/tex/latex/tikzfill/tikzfill.image.sty
Package: tikzfill.image 2023/08/08 v1.0.1 Image filling library for TikZ

(/usr/share/texlive/texmf-dist/tex/latex/tikzfill/tikzfill-common.sty
Package: tikzfill-common 2023/08/08 v1.0.1 Auxiliary code for tikzfill
)
(/usr/share/texlive/texmf-dist/tex/latex/tikzfill/tikzlibraryfill.image.code.te
x
File: tikzlibraryfill.image.code.tex 2023/08/08 v1.0.1 Image filling library
\l__tikzfill_img_box=\box95
)) (/usr/share/texlive/texmf-dist/tex/latex/tcolorbox/tcbskinsjigsaw.code.tex
Library (tcolorbox): 'tcbskinsjigsaw.code.tex' version '6.4.1'
)) (/usr/share/texlive/texmf-dist/tex/latex/tcolorbox/tcbbreakable.code.tex
Library (tcolorbox): 'tcbbreakable.code.tex' version '6.4.1'
(/usr/share/texlive/texmf-dist/tex/latex/pdfcol/pdfcol.sty
Package: pdfcol 2022-09-21 v1.7 Handle new color stacks for pdfTeX (HO)
)
Package pdfcol Info: New color stack `tcb@breakable' = 1 on input line 23.
\tcb@testbox=\box96
\tcb@totalupperbox=\box97
\tcb@totallowerbox=\box98
)
(/usr/share/texlive/texmf-dist/tex/latex/tcolorbox/tcbhooks.code.tex
Library (tcolorbox): 'tcbhooks.code.tex' version '6.4.1'
) (/usr/share/texlive/texmf-dist/tex/latex/tcolorbox/tcbtheorems.code.tex
Library (tcolorbox): 'tcbtheorems.code.tex' version '6.4.1'
) (/usr/share/texlive/texmf-dist/tex/latex/tcolorbox/tcbfitting.code.tex
Library (tcolorbox): 'tcbfitting.code.tex' version '6.4.1'
\tcbfitdim=\dimen332
\tcb@lowerfitdim=\dimen333
\tcb@upperfitdim=\dimen334
\tcb@cur@hbadness=\count449
) (/usr/share/texlive/texmf-dist/tex/latex/tcolorbox/tcblistingsutf8.code.tex
Library (tcolorbox): 'tcblistingsutf8.code.tex' version '6.4.1'
(/usr/share/texlive/texmf-dist/tex/latex/tcolorbox/tcblistings.code.tex
Library (tcolorbox): 'tcblistings.code.tex' version '6.4.1'
(/usr/share/texlive/texmf-dist/tex/latex/listings/listings.sty
\lst@mode=\count450
\lst@gtempboxa=\box99
\lst@token=\toks60
\lst@length=\count451
\lst@currlwidth=\dimen335
\lst@column=\count452
\lst@pos=\count453
\lst@lostspace=\dimen336
\lst@width=\dimen337
\lst@newlines=\count454
\lst@lineno=\count455
\lst@maxwidth=\dimen338

(/usr/share/texlive/texmf-dist/tex/latex/listings/lstpatch.sty
File: lstpatch.sty 2024/09/23 1.10c (Carsten Heinz)
)
(/usr/share/texlive/texmf-dist/tex/latex/listings/lstmisc.sty
File: lstmisc.sty 2024/09/23 1.10c (Carsten Heinz)
\c@lstnumber=\count456
\lst@skipnumbers=\count457
\lst@framebox=\box100
)
(/usr/share/texlive/texmf-dist/tex/latex/listings/listings.cfg
File: listings.cfg 2024/09/23 1.10c listings configuration
))
Package: listings 2024/09/23 1.10c (Carsten Heinz)

(/usr/share/texlive/texmf-dist/tex/latex/tcolorbox/tcblistingscore.code.tex
Library (tcolorbox): 'tcblistingscore.code.tex' version '6.4.1'
(/usr/share/texlive/texmf-dist/tex/latex/tcolorbox/tcbprocessing.code.tex
Library (tcolorbox): 'tcbprocessing.code.tex' version '6.4.1'
)
\c@tcblisting=\count458
)) (/usr/share/texlive/texmf-dist/tex/latex/listingsutf8/listingsutf8.sty
Package: listingsutf8 2019-12-10 v1.5 Allow UTF-8 in listings input (HO)

(/usr/share/texlive/texmf-dist/tex/generic/stringenc/stringenc.sty
Package: stringenc 2019/11/29 v1.12 Convert strings between diff. encodings (HO
)

(/usr/share/texlive/texmf-dist/tex/generic/pdfescape/pdfescape.sty
Package: pdfescape 2019/12/09 v1.15 Implements pdfTeX's escape features (HO)
))))
(/usr/share/texlive/texmf-dist/tex/latex/tcolorbox/tcbexternal.code.tex
Library (tcolorbox): 'tcbexternal.code.tex' version '6.4.1'
) (/usr/share/texlive/texmf-dist/tex/latex/tcolorbox/tcbmagazine.code.tex
Library (tcolorbox): 'tcbmagazine.code.tex' version '6.4.1'
) (/usr/share/texlive/texmf-dist/tex/latex/tcolorbox/tcbvignette.code.tex
Library (tcolorbox): 'tcbvignette.code.tex' version '6.4.1'

(/usr/share/texlive/texmf-dist/tex/generic/pgf/frontendlayer/tikz/libraries/tik
zlibraryfadings.code.tex
File: tikzlibraryfadings.code.tex 2023-01-15 v3.1.10 (3.1.10)

(/usr/share/texlive/texmf-dist/tex/generic/pgf/libraries/pgflibraryfadings.code
.tex
File: pgflibraryfadings.code.tex 2023-01-15 v3.1.10 (3.1.10)
))) (/usr/share/texlive/texmf-dist/tex/latex/tcolorbox/tcbposter.code.tex
Library (tcolorbox): 'tcbposter.code.tex' version '6.4.1'
)) (/usr/share/texlive/texmf-dist/tex/latex/tcolorbox/tcbminted.code.tex
Library (tcolorbox): 'tcbminted.code.tex' version '6.4.1'
) (/usr/share/texlive/texmf-dist/tex/latex/multirow/multirow.sty
Package: multirow 2024/11/12 v2.9 Span multiple rows of a table
\multirow@colwidth=\skip80
\multirow@cntb=\count459
\multirow@dima=\skip81
\bigstrutjot=\dimen339
)
(/usr/share/texlive/texmf-dist/tex/latex/tocbibind/tocbibind.sty
Package: tocbibind 2010/10/13 v1.5k extra ToC listings
Package tocbibind Info: The document has chapter divisions on input line 50.


Package tocbibind Note: Using chapter style headings, unless overridden.

) (/usr/share/texlive/texmf-dist/tex/latex/makecell/makecell.sty
Package: makecell 2009/08/03 V0.1e Managing of Tab Column Heads and Cells
\rotheadsize=\dimen340
\c@nlinenum=\count460
\TeXr@lab=\toks61
)
(/usr/share/texlive/texmf-dist/tex/latex/graphics/dvipsnam.def
File: dvipsnam.def 2016/06/17 v3.0m Driver-dependent file (DPC,SPQR)
)
(/usr/share/texlive/texmf-dist/tex/latex/hyperref/hyperref.sty
Package: hyperref 2024-11-05 v7.01l Hypertext links for LaTeX

(/usr/share/texlive/texmf-dist/tex/generic/kvdefinekeys/kvdefinekeys.sty
Package: kvdefinekeys 2019-12-19 v1.6 Define keys (HO)
)
(/usr/share/texlive/texmf-dist/tex/latex/hycolor/hycolor.sty
Package: hycolor 2020-01-27 v1.10 Color options for hyperref/bookmark (HO)
)
(/usr/share/texlive/texmf-dist/tex/latex/hyperref/nameref.sty
Package: nameref 2023-11-26 v2.56 Cross-referencing by name of section

(/usr/share/texlive/texmf-dist/tex/latex/refcount/refcount.sty
Package: refcount 2019/12/15 v3.6 Data extraction from label references (HO)
)
(/usr/share/texlive/texmf-dist/tex/generic/gettitlestring/gettitlestring.sty
Package: gettitlestring 2019/12/15 v1.6 Cleanup title references (HO)
)
\c@section@level=\count461
)
\@linkdim=\dimen341
\Hy@linkcounter=\count462
\Hy@pagecounter=\count463

(/usr/share/texlive/texmf-dist/tex/latex/hyperref/pd1enc.def
File: pd1enc.def 2024-11-05 v7.01l Hyperref: PDFDocEncoding definition (HO)
Now handling font encoding PD1 ...
... no UTF-8 mapping file for font encoding PD1
)
(/usr/share/texlive/texmf-dist/tex/generic/intcalc/intcalc.sty
Package: intcalc 2019/12/15 v1.3 Expandable calculations with integers (HO)
)
\Hy@SavedSpaceFactor=\count464

(/usr/share/texlive/texmf-dist/tex/latex/hyperref/puenc.def
File: puenc.def 2024-11-05 v7.01l Hyperref: PDF Unicode definition (HO)
Now handling font encoding PU ...
... no UTF-8 mapping file for font encoding PU
)
Package hyperref Info: Hyper figures OFF on input line 4157.
Package hyperref Info: Link nesting OFF on input line 4162.
Package hyperref Info: Hyper index ON on input line 4165.
Package hyperref Info: Plain pages OFF on input line 4172.
Package hyperref Info: Backreferencing OFF on input line 4177.
Package hyperref Info: Implicit mode ON; LaTeX internals redefined.
Package hyperref Info: Bookmarks ON on input line 4424.
\c@Hy@tempcnt=\count465

(/usr/share/texlive/texmf-dist/tex/latex/url/url.sty
\Urlmuskip=\muskip18
Package: url 2013/09/16  ver 3.4  Verb mode for urls, etc.
)
LaTeX Info: Redefining \url on input line 4763.
\XeTeXLinkMargin=\dimen342

(/usr/share/texlive/texmf-dist/tex/generic/bitset/bitset.sty
Package: bitset 2019/12/09 v1.3 Handle bit-vector datatype (HO)

(/usr/share/texlive/texmf-dist/tex/generic/bigintcalc/bigintcalc.sty
Package: bigintcalc 2019/12/15 v1.5 Expandable calculations on big integers (HO
)
))
\Fld@menulength=\count466
\Field@Width=\dimen343
\Fld@charsize=\dimen344
Package hyperref Info: Hyper figures OFF on input line 6042.
Package hyperref Info: Link nesting OFF on input line 6047.
Package hyperref Info: Hyper index ON on input line 6050.
Package hyperref Info: backreferencing OFF on input line 6057.
Package hyperref Info: Link coloring OFF on input line 6062.
Package hyperref Info: Link coloring with OCG OFF on input line 6067.
Package hyperref Info: PDF/A mode OFF on input line 6072.

(/usr/share/texlive/texmf-dist/tex/latex/base/atbegshi-ltx.sty
Package: atbegshi-ltx 2021/01/10 v1.0c Emulation of the original atbegshi
package with kernel methods
)
\Hy@abspage=\count467
\c@Item=\count468
\c@Hfootnote=\count469
)
Package hyperref Info: Driver (autodetected): hpdftex.

(/usr/share/texlive/texmf-dist/tex/latex/hyperref/hpdftex.def
File: hpdftex.def 2024-11-05 v7.01l Hyperref driver for pdfTeX

(/usr/share/texlive/texmf-dist/tex/latex/base/atveryend-ltx.sty
Package: atveryend-ltx 2020/08/19 v1.0a Emulation of the original atveryend pac
kage
with kernel methods
)
\Fld@listcount=\count470
\c@bookmark@seq@number=\count471

(/usr/share/texlive/texmf-dist/tex/latex/rerunfilecheck/rerunfilecheck.sty
Package: rerunfilecheck 2022-07-10 v1.10 Rerun checks for auxiliary files (HO)

(/usr/share/texlive/texmf-dist/tex/generic/uniquecounter/uniquecounter.sty
Package: uniquecounter 2019/12/15 v1.4 Provide unlimited unique counter (HO)
)
Package uniquecounter Info: New unique counter `rerunfilecheck' on input line 2
85.
)
\Hy@SectionHShift=\skip82
)
(/usr/share/texlive/texmf-dist/tex/generic/ulem/ulem.sty
\UL@box=\box101
\UL@hyphenbox=\box102
\UL@skip=\skip83
\UL@hook=\toks62
\UL@height=\dimen345
\UL@pe=\count472
\UL@pixel=\dimen346
\ULC@box=\box103
Package: ulem 2019/11/18
\ULdepth=\dimen347
)
(/usr/share/texlive/texmf-dist/tex/latex/framed/framed.sty
Package: framed 2011/10/22 v 0.96: framed or shaded text with page breaks
\OuterFrameSep=\skip84
\fb@frw=\dimen348
\fb@frh=\dimen349
\FrameRule=\dimen350
\FrameSep=\dimen351
)
(/usr/share/texlive/texmf-dist/tex/latex/anyfontsize/anyfontsize.sty
Package: anyfontsize 2007/11/22 anyfontsize.sty by pts
)
(/usr/share/texlive/texmf-dist/tex/latex/pgfplots/pgfplots.sty
(/usr/share/texlive/texmf-dist/tex/generic/pgfplots/pgfplots.revision.tex)
Package: pgfplots 2021/05/15 v1.18.1 Data Visualization (1.18.1)

(/usr/share/texlive/texmf-dist/tex/generic/pgfplots/pgfplots.code.tex
(/usr/share/texlive/texmf-dist/tex/generic/pgfplots/pgfplotscore.code.tex
\t@pgfplots@toka=\toks63
\t@pgfplots@tokb=\toks64
\t@pgfplots@tokc=\toks65
\pgfplots@tmpa=\dimen352
\c@pgfplots@coordindex=\count473
\c@pgfplots@scanlineindex=\count474

(/usr/share/texlive/texmf-dist/tex/generic/pgfplots/sys/pgfplotssysgeneric.code
.tex))
(/usr/share/texlive/texmf-dist/tex/generic/pgfplots/libs/pgfplotslibrary.code.t
ex)
(/usr/share/texlive/texmf-dist/tex/generic/pgfplots/oldpgfcompatib/pgfplotsoldp
gfsupp_loader.code.tex
(/usr/share/texlive/texmf-dist/tex/generic/pgf/libraries/pgflibraryfpu.code.tex
)
Package pgfplots: loading complementary utilities for your pgf version...
\t@pgf@toka=\toks66
\t@pgf@tokb=\toks67
\t@pgf@tokc=\toks68

(/usr/share/texlive/texmf-dist/tex/generic/pgfplots/oldpgfcompatib/pgfplotsoldp
gfsupp_pgfutil-common-lists.tex))
(/usr/share/texlive/texmf-dist/tex/generic/pgfplots/util/pgfplotsutil.code.tex
(/usr/share/texlive/texmf-dist/tex/generic/pgfplots/liststructure/pgfplotslists
tructure.code.tex)
(/usr/share/texlive/texmf-dist/tex/generic/pgfplots/liststructure/pgfplotslists
tructureext.code.tex)
(/usr/share/texlive/texmf-dist/tex/generic/pgfplots/liststructure/pgfplotsarray
.code.tex
\c@pgfplotsarray@tmp=\count475
)
(/usr/share/texlive/texmf-dist/tex/generic/pgfplots/liststructure/pgfplotsmatri
x.code.tex)
(/usr/share/texlive/texmf-dist/tex/generic/pgfplots/numtable/pgfplotstableshare
d.code.tex
\c@pgfplotstable@counta=\count476
\t@pgfplotstable@a=\toks69
)
(/usr/share/texlive/texmf-dist/tex/generic/pgfplots/liststructure/pgfplotsdeque
.code.tex)
(/usr/share/texlive/texmf-dist/tex/generic/pgfplots/util/pgfplotsbinary.code.te
x
(/usr/share/texlive/texmf-dist/tex/generic/pgfplots/util/pgfplotsbinary.data.co
de.tex))
(/usr/share/texlive/texmf-dist/tex/generic/pgfplots/util/pgfplotsutil.verb.code
.tex)
(/usr/share/texlive/texmf-dist/tex/generic/pgfplots/libs/pgflibrarypgfplots.sur
fshading.code.tex
\c@pgfplotslibrarysurf@no=\count477

(/usr/share/texlive/texmf-dist/tex/generic/pgfplots/sys/pgflibrarypgfplots.surf
shading.pgfsys-pdftex.def)))
(/usr/share/texlive/texmf-dist/tex/generic/pgfplots/util/pgfplotscolormap.code.
tex
(/usr/share/texlive/texmf-dist/tex/generic/pgfplots/util/pgfplotscolor.code.tex
))
(/usr/share/texlive/texmf-dist/tex/generic/pgfplots/pgfplotsstackedplots.code.t
ex)
(/usr/share/texlive/texmf-dist/tex/generic/pgfplots/pgfplotsplothandlers.code.t
ex
(/usr/share/texlive/texmf-dist/tex/generic/pgfplots/pgfplotsmeshplothandler.cod
e.tex
(/usr/share/texlive/texmf-dist/tex/generic/pgfplots/pgfplotsmeshplotimage.code.
tex)))
(/usr/share/texlive/texmf-dist/tex/generic/pgfplots/pgfplots.scaling.code.tex)
(/usr/share/texlive/texmf-dist/tex/generic/pgfplots/pgfplotscoordprocessing.cod
e.tex)
(/usr/share/texlive/texmf-dist/tex/generic/pgfplots/pgfplots.errorbars.code.tex
) (/usr/share/texlive/texmf-dist/tex/generic/pgfplots/pgfplots.markers.code.tex
) (/usr/share/texlive/texmf-dist/tex/generic/pgfplots/pgfplotsticks.code.tex)
(/usr/share/texlive/texmf-dist/tex/generic/pgfplots/pgfplots.paths.code.tex)
(/usr/share/texlive/texmf-dist/tex/generic/pgf/frontendlayer/tikz/libraries/tik
zlibrarydecorations.pathreplacing.code.tex
(/usr/share/texlive/texmf-dist/tex/generic/pgf/libraries/decorations/pgflibrary
decorations.pathreplacing.code.tex))
(/usr/share/texlive/texmf-dist/tex/generic/pgfplots/libs/tikzlibrarypgfplots.co
ntourlua.code.tex)
\pgfplots@numplots=\count478
\pgfplots@xmin@reg=\dimen353
\pgfplots@xmax@reg=\dimen354
\pgfplots@ymin@reg=\dimen355
\pgfplots@ymax@reg=\dimen356
\pgfplots@zmin@reg=\dimen357
\pgfplots@zmax@reg=\dimen358
)
(/usr/share/texlive/texmf-dist/tex/generic/pgf/frontendlayer/tikz/libraries/tik
zlibraryplotmarks.code.tex
File: tikzlibraryplotmarks.code.tex 2023-01-15 v3.1.10 (3.1.10)

(/usr/share/texlive/texmf-dist/tex/generic/pgf/libraries/pgflibraryplotmarks.co
de.tex
File: pgflibraryplotmarks.code.tex 2023-01-15 v3.1.10 (3.1.10)
))) (/usr/share/texlive/texmf-dist/tex/latex/cleveref/cleveref.sty
Package: cleveref 2018/03/27 v0.21.4 Intelligent cross-referencing
Package cleveref Info: `hyperref' support loaded on input line 2370.
LaTeX Info: Redefining \cref on input line 2370.
LaTeX Info: Redefining \Cref on input line 2370.
LaTeX Info: Redefining \crefrange on input line 2370.
LaTeX Info: Redefining \Crefrange on input line 2370.
LaTeX Info: Redefining \cpageref on input line 2370.
LaTeX Info: Redefining \Cpageref on input line 2370.
LaTeX Info: Redefining \cpagerefrange on input line 2370.
LaTeX Info: Redefining \Cpagerefrange on input line 2370.
LaTeX Info: Redefining \labelcref on input line 2370.
LaTeX Info: Redefining \labelcpageref on input line 2370.
Package cleveref Info: `amsthm' support loaded on input line 3026.
Package cleveref Info: `listings' support loaded on input line 3131.
Package cleveref Info: include cross-reference names in hyperlinks on input lin
e 7836.
Package cleveref Info: include cross-reference names in hyperlinks on input lin
e 7852.
)
(/usr/share/texlive/texmf-dist/tex/generic/pgf/frontendlayer/tikz/libraries/tik
zlibraryshapes.geometric.code.tex
File: tikzlibraryshapes.geometric.code.tex 2023-01-15 v3.1.10 (3.1.10)

(/usr/share/texlive/texmf-dist/tex/generic/pgf/libraries/shapes/pgflibraryshape
s.geometric.code.tex
File: pgflibraryshapes.geometric.code.tex 2023-01-15 v3.1.10 (3.1.10)
))
(/usr/share/texlive/texmf-dist/tex/generic/pgf/frontendlayer/tikz/libraries/tik
zlibraryfit.code.tex
File: tikzlibraryfit.code.tex 2023-01-15 v3.1.10 (3.1.10)
)
(/usr/share/texlive/texmf-dist/tex/generic/pgf/frontendlayer/tikz/libraries/tik
zlibrarypositioning.code.tex
File: tikzlibrarypositioning.code.tex 2023-01-15 v3.1.10 (3.1.10)
)
(/usr/share/texlive/texmf-dist/tex/generic/pgf/frontendlayer/tikz/libraries/tik
zlibrarycalc.code.tex
File: tikzlibrarycalc.code.tex 2023-01-15 v3.1.10 (3.1.10)
)
(/usr/share/texlive/texmf-dist/tex/generic/pgf/libraries/pgflibraryarrows.meta.
code.tex
File: pgflibraryarrows.meta.code.tex 2023-01-15 v3.1.10 (3.1.10)
\pgfarrowinset=\dimen359
\pgfarrowlength=\dimen360
\pgfarrowwidth=\dimen361
\pgfarrowlinewidth=\dimen362
)
(/usr/share/texlive/texmf-dist/tex/generic/pgf/frontendlayer/tikz/libraries/tik
zlibrarybackgrounds.code.tex
File: tikzlibrarybackgrounds.code.tex 2023-01-15 v3.1.10 (3.1.10)
\pgf@layerbox@background=\box104
\pgf@layerboxsaved@background=\box105
)
(/usr/share/texlive/texmf-dist/tex/latex/import/import.sty
Package: import 2020/04/01  v 6.2
) (./layers/init.tex
(/usr/share/texlive/texmf-dist/tex/generic/pgf/frontendlayer/tikz/libraries/tik
zlibraryquotes.code.tex
File: tikzlibraryquotes.code.tex 2023-01-15 v3.1.10 (3.1.10)
) (./layers/Ball.sty

LaTeX Warning: You have requested package `layers/Ball',
               but the package provides `Ball'.

Package: Ball 
) (./layers/Box.sty

LaTeX Warning: You have requested package `layers/Box',
               but the package provides `Box'.

Package: Box 
) (./layers/RightBandedBox.sty

LaTeX Warning: You have requested package `layers/RightBandedBox',
               but the package provides `RightBandedBox'.

Package: RightBandedBox 
))
Package hyperref Info: Option `colorlinks' set `true' on input line 268.
\c@definition=\count479
\c@theorem=\count480
\c@tcb@cnt@codebox=\count481


Package csquotes Warning: Load 'inputenc' before 'csquotes' on input line 372.

Package csquotes Info: Checking for multilingual support...
Package csquotes Info: ... found 'babel' package.
Package csquotes Info: Adjusting default style.
Package csquotes Info: Redefining alias 'default' -> 'romanian'.
(./main_document_processed.aux)
\openout1 = `main_document_processed.aux'.

LaTeX Font Info:    Checking defaults for OML/cmm/m/it on input line 372.
LaTeX Font Info:    ... okay on input line 372.
LaTeX Font Info:    Checking defaults for OMS/cmsy/m/n on input line 372.
LaTeX Font Info:    ... okay on input line 372.
LaTeX Font Info:    Checking defaults for OT1/cmr/m/n on input line 372.
LaTeX Font Info:    ... okay on input line 372.
LaTeX Font Info:    Checking defaults for T1/cmr/m/n on input line 372.
LaTeX Font Info:    ... okay on input line 372.
LaTeX Font Info:    Checking defaults for TS1/cmr/m/n on input line 372.
LaTeX Font Info:    ... okay on input line 372.
LaTeX Font Info:    Checking defaults for OMX/cmex/m/n on input line 372.
LaTeX Font Info:    ... okay on input line 372.
LaTeX Font Info:    Checking defaults for U/cmr/m/n on input line 372.
LaTeX Font Info:    ... okay on input line 372.
LaTeX Font Info:    Checking defaults for C00/song/m/n on input line 372.
LaTeX Font Info:    ... okay on input line 372.
LaTeX Font Info:    Checking defaults for C05/song/m/n on input line 372.
LaTeX Font Info:    ... okay on input line 372.
LaTeX Font Info:    Checking defaults for C09/song/m/n on input line 372.
LaTeX Font Info:    ... okay on input line 372.
LaTeX Font Info:    Checking defaults for C10/song/m/n on input line 372.
LaTeX Font Info:    ... okay on input line 372.
LaTeX Font Info:    Checking defaults for C20/song/m/n on input line 372.
LaTeX Font Info:    ... okay on input line 372.
LaTeX Font Info:    Checking defaults for C19/song/m/n on input line 372.
LaTeX Font Info:    ... okay on input line 372.
LaTeX Font Info:    Checking defaults for C40/song/m/n on input line 372.
LaTeX Font Info:    ... okay on input line 372.
LaTeX Font Info:    Checking defaults for C42/song/m/n on input line 372.
LaTeX Font Info:    ... okay on input line 372.
LaTeX Font Info:    Checking defaults for C43/song/m/n on input line 372.
LaTeX Font Info:    ... okay on input line 372.
LaTeX Font Info:    Checking defaults for C50/song/m/n on input line 372.
LaTeX Font Info:    ... okay on input line 372.
LaTeX Font Info:    Checking defaults for C52/song/m/n on input line 372.
LaTeX Font Info:    ... okay on input line 372.
LaTeX Font Info:    Checking defaults for C49/song/m/n on input line 372.
LaTeX Font Info:    ... okay on input line 372.
LaTeX Font Info:    Checking defaults for C60/mj/m/n on input line 372.
LaTeX Font Info:    ... okay on input line 372.
LaTeX Font Info:    Checking defaults for C61/mj/m/n on input line 372.
LaTeX Font Info:    ... okay on input line 372.
LaTeX Font Info:    Checking defaults for C63/mj/m/n on input line 372.
LaTeX Font Info:    ... okay on input line 372.
LaTeX Font Info:    Checking defaults for C64/mj/m/n on input line 372.
LaTeX Font Info:    ... okay on input line 372.
LaTeX Font Info:    Checking defaults for C65/mj/m/n on input line 372.
LaTeX Font Info:    ... okay on input line 372.
LaTeX Font Info:    Checking defaults for C70/song/m/n on input line 372.
LaTeX Font Info:    ... okay on input line 372.
LaTeX Font Info:    Checking defaults for C31/song/m/n on input line 372.
LaTeX Font Info:    ... okay on input line 372.
LaTeX Font Info:    Checking defaults for C32/song/m/n on input line 372.
LaTeX Font Info:    ... okay on input line 372.
LaTeX Font Info:    Checking defaults for C33/song/m/n on input line 372.
LaTeX Font Info:    ... okay on input line 372.
LaTeX Font Info:    Checking defaults for C34/song/m/n on input line 372.
LaTeX Font Info:    ... okay on input line 372.
LaTeX Font Info:    Checking defaults for C35/song/m/n on input line 372.
LaTeX Font Info:    ... okay on input line 372.
LaTeX Font Info:    Checking defaults for C36/song/m/n on input line 372.
LaTeX Font Info:    ... okay on input line 372.
LaTeX Font Info:    Checking defaults for C37/song/m/n on input line 372.
LaTeX Font Info:    ... okay on input line 372.
LaTeX Font Info:    Checking defaults for C80/song/m/n on input line 372.
LaTeX Font Info:    ... okay on input line 372.
LaTeX Font Info:    Checking defaults for C81/song/m/n on input line 372.
LaTeX Font Info:    ... okay on input line 372.
LaTeX Font Info:    Checking defaults for C01/song/m/n on input line 372.
LaTeX Font Info:    ... okay on input line 372.
LaTeX Font Info:    Checking defaults for C11/song/m/n on input line 372.
LaTeX Font Info:    ... okay on input line 372.
LaTeX Font Info:    Checking defaults for C21/song/m/n on input line 372.
LaTeX Font Info:    ... okay on input line 372.
LaTeX Font Info:    Checking defaults for C41/song/m/n on input line 372.
LaTeX Font Info:    ... okay on input line 372.
LaTeX Font Info:    Checking defaults for C62/song/m/n on input line 372.
LaTeX Font Info:    ... okay on input line 372.
LaTeX Font Info:    Checking defaults for PD1/pdf/m/n on input line 372.
LaTeX Font Info:    ... okay on input line 372.
LaTeX Font Info:    Checking defaults for PU/pdf/m/n on input line 372.
LaTeX Font Info:    ... okay on input line 372.

*geometry* driver: auto-detecting
*geometry* detected driver: pdftex
*geometry* verbose mode - [ preamble ] result:
* driver: pdftex
* paper: a4paper
* layout: <same size as paper>
* layoutoffset:(h,v)=(0.0pt,0.0pt)
* modes: twoside 
* h-part:(L,W,R)=(71.13188pt, 483.69687pt, 42.67912pt)
* v-part:(T,H,B)=(56.9055pt, 731.23584pt, 56.9055pt)
* \paperwidth=597.50787pt
* \paperheight=845.04684pt
* \textwidth=483.69687pt
* \textheight=731.23584pt
* \oddsidemargin=-1.1381pt
* \evensidemargin=-29.59087pt
* \topmargin=-52.36449pt
* \headheight=14.0pt
* \headsep=25.0pt
* \topskip=10.0pt
* \footskip=30.0pt
* \marginparwidth=111.0pt
* \marginparsep=11.0pt
* \columnsep=10.0pt
* \skip\footins=10.0pt plus 4.0pt minus 2.0pt
* \hoffset=0.0pt
* \voffset=0.0pt
* \mag=1000
* \@twocolumnfalse
* \@twosidetrue
* \@mparswitchtrue
* \@reversemarginfalse
* (1in=72.27pt=25.4mm, 1cm=28.453pt)

babelbib: Set bibliography fall-back language to romanian
babelbib: english.bdf loaded because language english defined.
(/usr/share/texlive/texmf-dist/tex/latex/babelbib/english.bdf
File: english.bdf 2021/01/06 v1.34 babelbib: multilingual bibliographies

babelbib extension \btxifchangecaseon added to \extrasenglish
)
babelbib: romanian.bdf loaded because language romanian defined.
(/usr/share/texlive/texmf-dist/tex/latex/babelbib/romanian.bdf
File: romanian.bdf 2021/01/06 v1.34 babelbib: multilingual bibliographies

babelbib extension \btxifchangecaseoff added to \extrasromanian
)
babelbib: Load BibTeX extensions \bibsromanian for romanian
babelbib: Set language for keywords in the bibliography fixed to romanian
(/usr/share/texlive/texmf-dist/tex/context/base/mkii/supp-pdf.mkii
[Loading MPS to PDF converter (version 2006.09.02).]
\scratchcounter=\count482
\scratchdimen=\dimen363
\scratchbox=\box106
\nofMPsegments=\count483
\nofMParguments=\count484
\everyMPshowfont=\toks70
\MPscratchCnt=\count485
\MPscratchDim=\dimen364
\MPnumerator=\count486
\makeMPintoPDFobject=\count487
\everyMPtoPDFconversion=\toks71
) (/usr/share/texlive/texmf-dist/tex/latex/epstopdf-pkg/epstopdf-base.sty
Package: epstopdf-base 2020-01-24 v2.11 Base part for package epstopdf
Package epstopdf-base Info: Redefining graphics rule for `.eps' on input line 4
85.

(/usr/share/texlive/texmf-dist/tex/latex/latexconfig/epstopdf-sys.cfg
File: epstopdf-sys.cfg 2010/07/13 v1.3 Configuration of (r)epstopdf for TeX Liv
e
))
Package caption Info: Begin \AtBeginDocument code.
Package caption Info: hyperref package is loaded.
Package caption Info: listings package is loaded.
Package caption Info: rotating package is loaded.
Package caption Info: wrapfig package is loaded.
Package caption Info: End \AtBeginDocument code.
\c@lstlisting=\count488
Package hyperref Info: Link coloring ON on input line 372.

(./main_document_processed.out) (./main_document_processed.out)
\@outlinefile=\write5
\openout5 = `main_document_processed.out'.


Package pgfplots notification 'compat/show suggested version=true': you might b
enefit from \pgfplotsset{compat=1.18} (current compat level: 1.9).

(/usr/share/texmf/tex/latex/CJK/UTF8/UTF8.bdg
File: UTF8.bdg 2021/10/16 4.8.5
)
(/usr/share/texmf/tex/latex/CJK/UTF8/UTF8.enc
File: UTF8.enc 2021/10/16 4.8.5
)
(/usr/share/texmf/tex/latex/CJK/UTF8/UTF8.chr
File: UTF8.chr 2021/10/16 4.8.5
)
LaTeX Font Info:    Font shape `T1/cmtt/bx/n' in size <9> not available
(Font)              Font shape `T1/cmtt/m/n' tried instead on input line 415.


[1


{/var/lib/texmf/fonts/map/pdftex/updmap/pdftex.map}{/usr/share/texmf/fonts/enc/
dvips/cm-super/cm-super-t1.enc}] (./main_document_processed.toc
LaTeX Font Info:    Trying to load font information for U+msa on input line 4.

(/usr/share/texlive/texmf-dist/tex/latex/amsfonts/umsa.fd
File: umsa.fd 2013/01/14 v3.01 AMS symbols A
)
LaTeX Font Info:    Trying to load font information for U+msb on input line 4.

(/usr/share/texlive/texmf-dist/tex/latex/amsfonts/umsb.fd
File: umsb.fd 2013/01/14 v3.01 AMS symbols B
)

[2

]

[3]

[4])
\tf@toc=\write6
\openout6 = `main_document_processed.toc'.



[5]
Capitolul 1.


[6


]
Capitolul 2.


[7

]

[8]

[9

]

[10{/usr/share/texmf/fonts/enc/dvips/cm-super/cm-super-ts1.enc}]

[11]

[12]

[13]

[14]

[15]
LaTeX Font Info:    Font shape `T1/cmtt/bx/n' in size <10.95> not available
(Font)              Font shape `T1/cmtt/m/n' tried instead on input line 688.


[16]

[17]

[18]

[19

]

[20]

[21]

[22]

[23]

[24]

[25]

[26]

[27]

[28]

[29]

[30]

[31]

[32]
Overfull \hbox (4.46878pt too wide) in paragraph at lines 1472--1473
\T1/cmr/m/n/10.95 A \T1/cmr/bx/n/10.95 pro-cess vir-tual ma-chine \T1/cmr/m/n/1
0.95 is a software exe-cu-tion en-vi-ron-ment that runs in-side an or-di-nary o
perating-
 []



[33]

[34]
Underfull \hbox (badness 1400) in paragraph at lines 1560--1561
[]|\T1/cmr/m/n/10.95 Function or me-thod ca-lls may use runtime-
 []



[35]

[36]

[37]

[38]

[39]
Underfull \hbox (badness 2213) in paragraph at lines 1778--1778
[]|\T1/cmr/m/n/10.95 Source-derived syn-tax tree or
 []


Underfull \hbox (badness 1675) in paragraph at lines 1780--1781
[]|\T1/cmr/m/n/10.95 CPython, PHP Zend En-
 []


Underfull \hbox (badness 1817) in paragraph at lines 1782--1782
[]|\T1/cmr/m/n/10.95 Hybrid by-te-code and JIT
 []


Underfull \hbox (badness 1648) in paragraph at lines 1782--1782
[]|\T1/cmr/m/n/10.95 Bytecode first, se-lec-ted pa-ths
 []


Underfull \hbox (badness 10000) in paragraph at lines 1784--1784
[]|\T1/cmr/m/n/10.95 Command in-ter-pre-ta-tion
 []



[40]

[41]

[42]

[43]

[44]

[45]

[46]

[47]

[48]

[49]

[50]

[51]

[52]

[53]

[54]

[55

]

[56

]

[57]
\g__tcobox_out_iow=\write7
\openout7 = `main_document_processed.listing'.

LaTeX Font Info:    Font shape `T1/cmtt/bx/n' in size <6> not available
(Font)              Font shape `T1/cmtt/m/n' tried instead on input line 2601.
\pydata@fh@_50198C1AAAC27044BC498367ACCE2F74.data.minted=\write8
\openout8 = `_50198C1AAAC27044BC498367ACCE2F74.data.minted'.

runsystem(latexminted config  --timestamp 20260531033925 50198C1AAAC27044BC4983
67ACCE2F74)...executed safely (allowed).

 (./_50198C1AAAC27044BC498367ACCE2F74.config.minted)
runsystem(latexminted cleanconfig  --timestamp 20260531033925 50198C1AAAC27044B
C498367ACCE2F74)...executed safely (allowed).


(./_minted/default.style.minted)
(./_minted/90B1713B253B5054F629FE2BB10E887B.highlight.minted
LaTeX Font Info:    Font shape `T1/cmtt/bx/n' in size <10> not available
(Font)              Font shape `T1/cmtt/m/n' tried instead on input line 5.
)

[58]

[59]
\openout7 = `main_document_processed.listing'.

 (./_minted/186F2E37BD05F14F3CD541AF7A4D8CC6.highlight.minted)

[60]

[61]

[62]
\openout7 = `main_document_processed.listing'.

 (./_minted/0513803014FA51C171B0035015CE9E68.highlight.minted)

[63]
\openout7 = `main_document_processed.listing'.

 (./_minted/C16BA195A7AB880769A529884673A9D1.highlight.minted)

[64]
\openout7 = `main_document_processed.listing'.

 (./_minted/B43A3A377C9E050DA3590A9D0668ABA8.highlight.minted)
\openout7 = `main_document_processed.listing'.


(./_minted/92995561EDDBB0F4E9ED9BF6385C67CB.highlight.minted)

[65]
\openout7 = `main_document_processed.listing'.

 (./_minted/95C7A405857D14001766C9EF7EB1A17B.highlight.minted)

[66]

[67]
Underfull \hbox (badness 5726) in paragraph at lines 3204--3204
[]|\T1/cmr/bx/n/10.95 Useful ca-ll-back appli-ca-
 []


Underfull \hbox (badness 1253) in paragraph at lines 3206--3206
\T1/cmr/m/n/10.95 bra-ries, em-be-d-ded ca-ll-ba-cks,
 []


Underfull \hbox (badness 1009) in paragraph at lines 3208--3208
[]|\T1/cmr/m/n/10.95 Sorting keys, GUI han-d-lers,
 []


Underfull \hbox (badness 3525) in paragraph at lines 3210--3210
[]|\T1/cmr/m/n/10.95 GUI lis-te-ners, stream ope-
 []


Underfull \hbox (badness 10000) in paragraph at lines 3212--3212
[]|\T1/cmr/m/n/10.95 JavaScript /
 []


Underfull \hbox (badness 10000) in paragraph at lines 3212--3212
[]|\T1/cmr/m/n/10.95 DOM events, AJA-X/-fetch
 []


Underfull \hbox (badness 3354) in paragraph at lines 3212--3212
\T1/cmr/m/n/10.95 com-ple-tion, ti-mers, Node.js
 []


Underfull \hbox (badness 1603) in paragraph at lines 3214--3215
[]|\T1/cmr/m/n/10.95 Callable va-lue re-sol-ved by Zend
 []


Underfull \hbox (badness 10000) in paragraph at lines 3216--3216
[]|\T1/cmtt/m/n/10.95 trap \T1/cmr/m/n/10.95 clea-nup han-d-lers,
 []


Underfull \hbox (badness 10000) in paragraph at lines 3216--3216
\T1/cmr/m/n/10.95 command-name dis-patch,
 []



[68]
\openout7 = `main_document_processed.listing'.

 (./_minted/0D77413F963EE6275164A228373ED9D3.highlight.minted)

[69]

[70]

[71]

[72]
\openout7 = `main_document_processed.listing'.

 (./_minted/DB23DDA04DCA669986325F3BDCD5CA40.highlight.minted)
\openout7 = `main_document_processed.listing'.


(./_minted/95C7A405857D14001766C9EF7EB1A17B.highlight.minted)

[73]
\openout7 = `main_document_processed.listing'.

 (./_minted/6A242D0AB195637827065D6E1C41341A.highlight.minted)

[74]
\openout7 = `main_document_processed.listing'.

 (./_minted/FB944D234CBAC74583986B2E6387C0E6.highlight.minted)

[75]

[76]
Underfull \hbox (badness 10000) in paragraph at lines 3742--3742
[]|\T1/cmr/m/n/10.95 JavaScript /
 []


Underfull \hbox (badness 10000) in paragraph at lines 3744--3745
[]|\T1/cmr/m/n/10.95 Produces functional-interface-
 []


Underfull \hbox (badness 4156) in paragraph at lines 3744--3745
\T1/cmr/m/n/10.95 compatible ca-l-la-ble ob-ject; call
 []



[77]
\openout7 = `main_document_processed.listing'.

 (./_minted/366FECB0D01409A2362933DEDB1669C1.highlight.minted)

[78]
\openout7 = `main_document_processed.listing'.

 (./_minted/A82BEEBFFD99717D181FF771FB137CFF.highlight.minted)

[79]
\openout7 = `main_document_processed.listing'.

 (./_minted/27D6594D0E4B108AC14A4A41398A3D2B.highlight.minted)
\openout7 = `main_document_processed.listing'.


(./_minted/ABCC1E2160DE4B0FC2A36EA643E03E8F.highlight.minted)

[80]
\openout7 = `main_document_processed.listing'.

 (./_minted/7D12BFCFC8759BE108C77BD993F9A35E.highlight.minted)

[81]
\openout7 = `main_document_processed.listing'.

 (./_minted/60F360AD3CBFEEAB746050BD0629C739.highlight.minted)
\openout7 = `main_document_processed.listing'.


(./_minted/38F5FE60AADFF60CF1563AE3387217F4.highlight.minted)

[82]
\openout7 = `main_document_processed.listing'.

 (./_minted/889772B121A9EAC0EB6A2DA9B53D5D70.highlight.minted)

[83]
\openout7 = `main_document_processed.listing'.

 (./_minted/9BB3F3D05A97BADD8DACE61ADD4B3E96.highlight.minted)

[84]
\openout7 = `main_document_processed.listing'.

 (./_minted/DB7E2B23E4A0EB39849819047181555E.highlight.minted)
\openout7 = `main_document_processed.listing'.


(./_minted/26E4EB3D51885FD26E6A8D5EF5C449BD.highlight.minted)

[85]

[86]

[87]

[88]
Underfull \hbox (badness 2393) in paragraph at lines 4493--4494
[]|\T1/cmr/m/n/10.95 Outer Py-thon frame di-sa-ppears;
 []


Underfull \hbox (badness 10000) in paragraph at lines 4495--4495
[]|\T1/cmr/m/n/10.95 JavaScript /
 []



[89]

[90]
Capitolul 3.


[91

]

[92

]

[93]

[94

]

[95]

[96]

[97]

[98]
Capitolul 4.


[99

]

[100

]

[101]

[102]

[103

]

[104]

[105]

[106]
Overfull \hbox (11.7164pt too wide) in paragraph at lines 5122--5123
[]\T1/cmr/m/n/10.95 In CPy-thon, ob-ject li-fe-time is stron-gly con-nec-ted to
 re-fe-rence co-un-ting (\T1/cmtt/m/n/10.95 ob_refcnt \T1/cmr/m/n/10.95 in \T1/
cmtt/m/n/10.95 PyObject_HEAD\T1/cmr/m/n/10.95 ).
 []



[107]
LaTeX Font Info:    Font shape `T1/cmtt/bx/n' in size <12> not available
(Font)              Font shape `T1/cmtt/m/n' tried instead on input line 5145.


[108

]

[109]
Overfull \hbox (28.54926pt too wide) in paragraph at lines 5251--5252
[]\T1/cmr/m/n/10.95 NaN is not equal even to it-self. Test with \T1/cmtt/m/n/10
.95 math.isnan()\T1/cmr/m/n/10.95 , not \T1/cmtt/m/n/10.95 ==\T1/cmr/m/n/10.95 
. Use \T1/cmtt/m/n/10.95 math.isinf() \T1/cmr/m/n/10.95 and \T1/cmtt/m/n/10.95 
math.isfinite()
 []



[110]
Overfull \hbox (6.47182pt too wide) in paragraph at lines 5307--5308
[]\T1/cmr/m/n/10.95 Python bo-o-leans are sin-gle-ton truth-value ob-jects that
 inhe-rit from \T1/cmtt/m/n/10.95 int \T1/cmr/m/n/10.95 due to early backward-
 []



[111]

[112]

[113]

[114

]
Overfull \hbox (43.39604pt too wide) in paragraph at lines 5540--5541
\T1/cmr/m/n/10.95 target-type ru-les: \T1/cmtt/m/n/10.95 int("3.14") \T1/cmr/m/
n/10.95 rai-ses \T1/cmtt/m/n/10.95 ValueError\T1/cmr/m/n/10.95 ; \T1/cmtt/m/n/1
0.95 int(float("3.14")) \T1/cmr/m/n/10.95 trun-ca-tes toward zero. \T1/cmtt/m/n
/10.95 bool("False")
 []


Overfull \hbox (8.8895pt too wide) in paragraph at lines 5553--5554
[]\T1/cmr/m/n/10.95 These are de-fined in-te-rac-tions, not si-lent con-ver-sio
n of un-re-la-ted do-mains. \T1/cmtt/m/n/10.95 42 + "1" \T1/cmr/m/n/10.95 rai-s
es \T1/cmtt/m/n/10.95 TypeError\T1/cmr/m/n/10.95 .
 []



[115]

[116]

[117]
Capitolul 5.


[118

]
Overfull \hbox (9.73248pt too wide) in paragraph at lines 5648--5649
[]\T1/cmr/m/n/10.95 Syntax such as \T1/cmtt/m/n/10.95 len(obj)\T1/cmr/m/n/10.95
 , \T1/cmtt/m/n/10.95 obj[i]\T1/cmr/m/n/10.95 , and \T1/cmtt/m/n/10.95 x in obj
 \T1/cmr/m/n/10.95 de-le-ga-tes to spe-cial me-thods (\T1/cmtt/m/n/10.95 __len_
_\T1/cmr/m/n/10.95 , \T1/cmtt/m/n/10.95 __getitem__\T1/cmr/m/n/10.95 ,
 []



[119

]

[120]
Overfull \hbox (35.78638pt too wide) in paragraph at lines 5700--5701
[]\T1/cmr/m/n/10.95 Decoding must match the en-co-ding used at en-code time. Wr
ong strict de-co-ding rai-ses \T1/cmtt/m/n/10.95 UnicodeDecodeError\T1/cmr/m/n/
10.95 ;
 []



[121

]

[122]
LaTeX Font Info:    Font shape `T1/cmtt/bx/n' in size <14.4> not available
(Font)              Font shape `T1/cmtt/m/n' tried instead on input line 5721.


[123

]

[124]
Overfull \hbox (14.82748pt too wide) in paragraph at lines 5801--5802
[]\T1/cmr/m/n/10.95 Architecturally, \T1/cmtt/m/n/10.95 split\T1/cmr/m/n/10.95 
/\T1/cmtt/m/n/10.95 join \T1/cmr/m/n/10.95 form the bo-un-dary be-tween flat te
xt and po-in-ter ar-rays of text fragments---
 []



[125]

[126

]
Overfull \hbox (34.06035pt too wide) in paragraph at lines 5849--5850
\T1/cmtt/m/n/10.95 items[i] = obj \T1/cmr/m/n/10.95 re-pla-ces one \T1/cmtt/m/n
/10.95 PyObject* \T1/cmr/m/n/10.95 slot; the list shell is un-chan-ged. Slice a
s-sig-n-ment \T1/cmtt/m/n/10.95 items[start:stop]
 []



[127]

[128

]

[129]
Capitolul 6.


[130

]

[131

]

[132]

[133]

[134]

[135]

[136]

[137]

[138

]

[139]

[140]

[141]
Overfull \hbox (25.55652pt too wide) in paragraph at lines 6631--6631
[]\T1/cmtt/m/n/10.95 first_tok: TokenInfo(type=1 (NAME), string=\TS1/cmtt/m/n/1
0.95 '\T1/cmtt/m/n/10.95 x\TS1/cmtt/m/n/10.95 '\T1/cmtt/m/n/10.95 , start=(1, 0
), end=(1, 1), line=\TS1/cmtt/m/n/10.95 '\T1/cmtt/m/n/10.95 x = 42\n\TS1/cmtt/m
/n/10.95 '\T1/cmtt/m/n/10.95 )[] 
 []


Overfull \hbox (28.09885pt too wide) in paragraph at lines 6641--6642
[]\T1/cmr/m/n/10.95 If Py-thon ex-pects in-den-ta-tion and the in-den-ta-tion d
oes not form a va-lid block, it rai-ses \T1/cmtt/m/n/10.95 IndentationError\T1/
cmr/m/n/10.95 . 
 []



[142]
Overfull \hbox (19.89815pt too wide) in paragraph at lines 6663--6663
[]\T1/cmtt/m/n/10.95 message: expected an indented block after \TS1/cmtt/m/n/10
.95 '\T1/cmtt/m/n/10.95 if\TS1/cmtt/m/n/10.95 ' \T1/cmtt/m/n/10.95 statement on
 line 1 (<bad_indent>, line 2)[] 
 []


Overfull \hbox (172.67416pt too wide) in paragraph at lines 6664--6664
[]\T1/cmtt/m/n/10.95 args: ("expected an indented block after \TS1/cmtt/m/n/10.
95 '\T1/cmtt/m/n/10.95 if\TS1/cmtt/m/n/10.95 ' \T1/cmtt/m/n/10.95 statement on 
line 1", (\TS1/cmtt/m/n/10.95 '\T1/cmtt/m/n/10.95 <bad_indent>\TS1/cmtt/m/n/10.
95 '\T1/cmtt/m/n/10.95 , 2, 1, \TS1/cmtt/m/n/10.95 '\T1/cmtt/m/n/10.95 print("N
i!")\n\TS1/cmtt/m/n/10.95 '\T1/cmtt/m/n/10.95 , 2, -1))[] 
 []


Overfull \hbox (19.89815pt too wide) in paragraph at lines 6696--6696
[]\T1/cmtt/m/n/10.95 message: inconsistent use of tabs and spaces in indentatio
n (<mixed_tabs_spaces>, line 3)[] 
 []


Overfull \hbox (178.33253pt too wide) in paragraph at lines 6697--6697
[]\T1/cmtt/m/n/10.95 args: (\TS1/cmtt/m/n/10.95 '\T1/cmtt/m/n/10.95 inconsisten
t use of tabs and spaces in indentation\TS1/cmtt/m/n/10.95 '\T1/cmtt/m/n/10.95 
, (\TS1/cmtt/m/n/10.95 '\T1/cmtt/m/n/10.95 <mixed_tabs_spaces>\TS1/cmtt/m/n/10.
95 '\T1/cmtt/m/n/10.95 , 3, 1, "\tprint(\TS1/cmtt/m/n/10.95 '\T1/cmtt/m/n/10.95
 tab\TS1/cmtt/m/n/10.95 '\T1/cmtt/m/n/10.95 )\n", 3, 0))[] 
 []



[143]
Overfull \hbox (280.18321pt too wide) in paragraph at lines 6713--6713
[]\T1/cmtt/m/n/10.95 (<class \TS1/cmtt/m/n/10.95 '\T1/cmtt/m/n/10.95 TabError\T
S1/cmtt/m/n/10.95 '\T1/cmtt/m/n/10.95 >, <class \TS1/cmtt/m/n/10.95 '\T1/cmtt/m
/n/10.95 IndentationError\TS1/cmtt/m/n/10.95 '\T1/cmtt/m/n/10.95 >, <class \TS1
/cmtt/m/n/10.95 '\T1/cmtt/m/n/10.95 SyntaxError\TS1/cmtt/m/n/10.95 '\T1/cmtt/m/
n/10.95 >, <class \TS1/cmtt/m/n/10.95 '\T1/cmtt/m/n/10.95 Exception\TS1/cmtt/m/
n/10.95 '\T1/cmtt/m/n/10.95 >, <class \TS1/cmtt/m/n/10.95 '\T1/cmtt/m/n/10.95 B
aseException\TS1/cmtt/m/n/10.95 '\T1/cmtt/m/n/10.95 >, <class \TS1/cmtt/m/n/10.
95 '\T1/cmtt/m/n/10.95 object\TS1/cmtt/m/n/10.95 '\T1/cmtt/m/n/10.95 >)[] 
 []



[144]

[145]

[146]

[147]

[148]

[149]

[150]

[151]

[152]

[153

]

[154]

[155]

[156]
Overfull \hbox (200.96602pt too wide) in paragraph at lines 7513--7513
[]\T1/cmtt/m/n/10.95 dir(status) sample: [\TS1/cmtt/m/n/10.95 '\T1/cmtt/m/n/10.
95 __add__\TS1/cmtt/m/n/10.95 '\T1/cmtt/m/n/10.95 , \TS1/cmtt/m/n/10.95 '\T1/cm
tt/m/n/10.95 __class__\TS1/cmtt/m/n/10.95 '\T1/cmtt/m/n/10.95 , \TS1/cmtt/m/n/1
0.95 '\T1/cmtt/m/n/10.95 __contains__\TS1/cmtt/m/n/10.95 '\T1/cmtt/m/n/10.95 , 
\TS1/cmtt/m/n/10.95 '\T1/cmtt/m/n/10.95 __delattr__\TS1/cmtt/m/n/10.95 '\T1/cmt
t/m/n/10.95 , \TS1/cmtt/m/n/10.95 '\T1/cmtt/m/n/10.95 __dir__\TS1/cmtt/m/n/10.9
5 '\T1/cmtt/m/n/10.95 , \TS1/cmtt/m/n/10.95 '\T1/cmtt/m/n/10.95 __doc__\TS1/cmt
t/m/n/10.95 '\T1/cmtt/m/n/10.95 , \TS1/cmtt/m/n/10.95 '\T1/cmtt/m/n/10.95 __eq_
_\TS1/cmtt/m/n/10.95 '\T1/cmtt/m/n/10.95 , \TS1/cmtt/m/n/10.95 '\T1/cmtt/m/n/10
.95 __format__\TS1/cmtt/m/n/10.95 '\T1/cmtt/m/n/10.95 ][] 
 []


Overfull \hbox (121.74883pt too wide) in paragraph at lines 7561--7561
[]\T1/cmtt/m/n/10.95 message = "Chuck Norris counted to infinity twice." if nam
e == "Chuck" and power >= 40 else "ordinary case"[] 
 []



[157]

[158]

[159]

[160]

[161]
Overfull \hbox (172.67416pt too wide) in paragraph at lines 7874--7874
[]\T1/cmtt/m/n/10.95 dir(result) sample: [\TS1/cmtt/m/n/10.95 '\T1/cmtt/m/n/10.
95 __bool__\TS1/cmtt/m/n/10.95 '\T1/cmtt/m/n/10.95 , \TS1/cmtt/m/n/10.95 '\T1/c
mtt/m/n/10.95 __class__\TS1/cmtt/m/n/10.95 '\T1/cmtt/m/n/10.95 , \TS1/cmtt/m/n/
10.95 '\T1/cmtt/m/n/10.95 __delattr__\TS1/cmtt/m/n/10.95 '\T1/cmtt/m/n/10.95 , 
\TS1/cmtt/m/n/10.95 '\T1/cmtt/m/n/10.95 __dir__\TS1/cmtt/m/n/10.95 '\T1/cmtt/m/
n/10.95 , \TS1/cmtt/m/n/10.95 '\T1/cmtt/m/n/10.95 __doc__\TS1/cmtt/m/n/10.95 '\
T1/cmtt/m/n/10.95 , \TS1/cmtt/m/n/10.95 '\T1/cmtt/m/n/10.95 __eq__\TS1/cmtt/m/n
/10.95 '\T1/cmtt/m/n/10.95 , \TS1/cmtt/m/n/10.95 '\T1/cmtt/m/n/10.95 __format__
\TS1/cmtt/m/n/10.95 '\T1/cmtt/m/n/10.95 , \TS1/cmtt/m/n/10.95 '\T1/cmtt/m/n/10.
95 __ge__\TS1/cmtt/m/n/10.95 '\T1/cmtt/m/n/10.95 ][] 
 []



[162]

[163]

[164]

[165]

[166]

[167

]

[168]

[169]

[170]

[171]

[172]

[173]

[174]

[175]

[176]

[177]

[178]

[179]

[180

]

[181]

[182

]

[183]

[184]

[185]

[186]

[187]

[188]

[189]

[190]

[191]

[192]

[193]

[194]

[195]

[196]

[197]

[198]

[199]

[200]

[201]

[202]

[203]

[204]

[205]

[206]

[207

]

[208]

[209]

[210]

[211]

[212]

[213]
Overfull \hbox (2.92303pt too wide) in paragraph at lines 11123--11123
[]\T1/cmtt/m/n/10.95 (<class \TS1/cmtt/m/n/10.95 '\T1/cmtt/m/n/10.95 ValueError
\TS1/cmtt/m/n/10.95 '\T1/cmtt/m/n/10.95 >, <class \TS1/cmtt/m/n/10.95 '\T1/cmtt
/m/n/10.95 Exception\TS1/cmtt/m/n/10.95 '\T1/cmtt/m/n/10.95 >, <class \TS1/cmtt
/m/n/10.95 '\T1/cmtt/m/n/10.95 BaseException\TS1/cmtt/m/n/10.95 '\T1/cmtt/m/n/1
0.95 >, <class \TS1/cmtt/m/n/10.95 '\T1/cmtt/m/n/10.95 object\TS1/cmtt/m/n/10.9
5 '\T1/cmtt/m/n/10.95 >) 
 []


Overfull \hbox (121.74883pt too wide) in paragraph at lines 11124--11124
[]\T1/cmtt/m/n/10.95 (<class \TS1/cmtt/m/n/10.95 '\T1/cmtt/m/n/10.95 KeyError\T
S1/cmtt/m/n/10.95 '\T1/cmtt/m/n/10.95 >, <class \TS1/cmtt/m/n/10.95 '\T1/cmtt/m
/n/10.95 LookupError\TS1/cmtt/m/n/10.95 '\T1/cmtt/m/n/10.95 >, <class \TS1/cmtt
/m/n/10.95 '\T1/cmtt/m/n/10.95 Exception\TS1/cmtt/m/n/10.95 '\T1/cmtt/m/n/10.95
 >, <class \TS1/cmtt/m/n/10.95 '\T1/cmtt/m/n/10.95 BaseException\TS1/cmtt/m/n/1
0.95 '\T1/cmtt/m/n/10.95 >, <class \TS1/cmtt/m/n/10.95 '\T1/cmtt/m/n/10.95 obje
ct\TS1/cmtt/m/n/10.95 '\T1/cmtt/m/n/10.95 >)[] 
 []


Overfull \hbox (133.06557pt too wide) in paragraph at lines 11125--11125
[]\T1/cmtt/m/n/10.95 (<class \TS1/cmtt/m/n/10.95 '\T1/cmtt/m/n/10.95 IndexError
\TS1/cmtt/m/n/10.95 '\T1/cmtt/m/n/10.95 >, <class \TS1/cmtt/m/n/10.95 '\T1/cmtt
/m/n/10.95 LookupError\TS1/cmtt/m/n/10.95 '\T1/cmtt/m/n/10.95 >, <class \TS1/cm
tt/m/n/10.95 '\T1/cmtt/m/n/10.95 Exception\TS1/cmtt/m/n/10.95 '\T1/cmtt/m/n/10.
95 >, <class \TS1/cmtt/m/n/10.95 '\T1/cmtt/m/n/10.95 BaseException\TS1/cmtt/m/n
/10.95 '\T1/cmtt/m/n/10.95 >, <class \TS1/cmtt/m/n/10.95 '\T1/cmtt/m/n/10.95 ob
ject\TS1/cmtt/m/n/10.95 '\T1/cmtt/m/n/10.95 >)[] 
 []



[214]

[215]

[216]

[217]

[218]

[219]

[220]

[221]
Overfull \hbox (2.50345pt too wide) in paragraph at lines 11623--11624
[]\T1/cmr/m/n/10.95 on \T1/cmr/m/it/10.95 any \T1/cmr/m/n/10.95 exit path---nor
mal, \T1/cmtt/m/n/10.95 return\T1/cmr/m/n/10.95 , han-d-led ex-cep-tion, or pro
pagation---calls \T1/cmtt/m/n/10.95 __exit__(exc_type,
 []


Overfull \hbox (28.31369pt too wide) in paragraph at lines 11647--11648
\T1/cmr/m/n/10.95 When Py-thon code rai-ses an ex-cep-tion, CPy-thon does not r
ely on har-dware traps or por-ta-ble \T1/cmtt/m/n/10.95 setjmp\T1/cmr/m/n/10.95
 /\T1/cmtt/m/n/10.95 longjmp
 []



[222]

[223]
Capitolul 7.


[224

]

[225

]

[226]

[227

]

[228]
Overfull \hbox (18.34691pt too wide) in paragraph at lines 11884--11884
[][]\T1/cmr/bx/n/10.95 Containment and Scope Tes-ting: Iden-ti-fying Sub-sets \
T1/cmtt/m/n/10.95 .issubset() \T1/cmr/bx/n/10.95 and Su-per-sets \T1/cmtt/m/n/1
0.95 .issuperset() 
 []



[229

]

[230

]

[231]
Overfull \hbox (4.9531pt too wide) in paragraph at lines 11989--11990
\T1/cmtt/m/n/10.95 keys()\T1/cmr/m/n/10.95 , \T1/cmtt/m/n/10.95 values()\T1/cmr
/m/n/10.95 , and \T1/cmtt/m/n/10.95 items() \T1/cmr/m/n/10.95 re-turn li-gh-twe
i-ght view ob-jects (\T1/cmtt/m/n/10.95 dict_keys\T1/cmr/m/n/10.95 , \T1/cmtt/m
/n/10.95 dict_values\T1/cmr/m/n/10.95 , \T1/cmtt/m/n/10.95 dict_items\T1/cmr/m/
n/10.95 )
 []



[232]
Capitolul 8.


[233

]

[234

]
Overfull \hbox (5.3211pt too wide) in paragraph at lines 12068--12069
\T1/cmr/m/n/10.95 A \T1/cmtt/m/n/10.95 lambda \T1/cmr/m/n/10.95 ex-pres-sion cr
e-a-tes the same kind of func-tion ob-ject as \T1/cmtt/m/n/10.95 def\T1/cmr/m/n
/10.95 . The com-pi-ler emits a \T1/cmtt/m/n/10.95 PyCodeObject
 []


Overfull \hbox (68.44202pt too wide) in paragraph at lines 12099--12100
[]\T1/cmr/m/n/10.95 This de-sign tra-des stack effi-ciency for run-time fle-xi-
bi-lity: fra-mes can be in-tros-pec-ted via \T1/cmtt/m/n/10.95 inspect.currentf
rame()\T1/cmr/m/n/10.95 ,
 []



[235]

[236]

[237]

[238

]
Underfull \hbox (badness 10000) in paragraph at lines 12268--12268
[]|\T1/cmr/bx/n/10.95 Operation in-side
 []


Underfull \hbox (badness 10000) in paragraph at lines 12272--12272
[]|\T1/cmtt/m/n/10.95 text =
 []


Overfull \hbox (1.63469pt too wide) in paragraph at lines 12266--12279
 [] 
 []



[239]

[240]
Overfull \hbox (14.20161pt too wide) in paragraph at lines 12390--12391
\T1/cmr/m/n/10.95 (\T1/cmtt/m/n/10.95 METH_VECTORCALL\T1/cmr/m/n/10.95 ). No in
-ter-me-di-ate tu-ple or dict is con-struc-ted. Sig-na-tu-res that force \T1/cm
tt/m/n/10.95 *args\T1/cmr/m/n/10.95 /\T1/cmtt/m/n/10.95 **kwargs\T1/cmr/m/n/10.
95 ---
 []



[241

]

[242]

[243]

[244]

[245

]

[246]

[247]

[248

]

[249]

[250

]
Overfull \hbox (16.39143pt too wide) in paragraph at lines 12887--12888
\T1/cmr/m/n/10.95 ject re-fe-ren-ces. Mu-ta-ble ce-lls share one ob-ject across
 in-vo-ca-tions of the same clo-sure (\T1/cmtt/m/n/10.95 items.append(...)\T1/c
mr/m/n/10.95 );
 []



[251]
Overfull \hbox (10.22443pt too wide) in paragraph at lines 12938--12939
[]\T1/cmr/m/n/10.95 Stacked de-co-ra-tors apply bottom-up: \T1/cmtt/m/n/10.95 @
a @b def f $\OMS/cmsy/m/n/10.95 ^^Q$ \T1/cmtt/m/n/10.95 f = a(b(f))\T1/cmr/m/n/
10.95 . De-co-ra-tor fac-to-ries (\T1/cmtt/m/n/10.95 @deco(arg)\T1/cmr/m/n/10.9
5 )
 []



[252]

[253

]

[254]

[255]
Capitolul 9.


[256

]

[257

]

[258

]
Overfull \hbox (2.73625pt too wide) in paragraph at lines 13217--13218
[]\T1/cmtt/m/n/10.95 TextIOWrapper \T1/cmr/m/n/10.95 --- top la-yer; runs en-co
-din-g/-de-co-ding state ma-chi-nes and uni-ver-sal new-line transla-
 []



[259]

[260]

[261

]

[262]
Overfull \hbox (20.83215pt too wide) in paragraph at lines 13359--13360
\T1/cmr/m/n/10.95 Mismatched en-co-dings sur-face as \T1/cmtt/m/n/10.95 Unicode
DecodeError \T1/cmr/m/n/10.95 or \T1/cmtt/m/n/10.95 UnicodeEncodeError\T1/cmr/m
/n/10.95 . De-fa-ult \T1/cmtt/m/n/10.95 errors="strict"
 []



[263

]

[264]

[265

]

[266]
Overfull \hbox (48.23837pt too wide) in paragraph at lines 13456--13457
\T1/cmtt/m/n/10.95 pathlib.Path \T1/cmr/m/n/10.95 is an er-go-no-mic struc-tu-r
al abs-trac-tion: \T1/cmtt/m/n/10.95 / \T1/cmr/m/n/10.95 over-load com-po-ses c
om-po-nents, \T1/cmtt/m/n/10.95 .name\T1/cmr/m/n/10.95 /\T1/cmtt/m/n/10.95 .par
ent\T1/cmr/m/n/10.95 /\T1/cmtt/m/n/10.95 .suffix
 []



[267

]

[268]

[269

]

[270]
Overfull \hbox (49.8578pt too wide) in paragraph at lines 13613--13614
\T1/cmr/m/n/10.95 ``Easier to ask for-gi-ve-ness than per-mis-sion'': at-tempt 
\T1/cmtt/m/n/10.95 open\T1/cmr/m/n/10.95 /read and catch \T1/cmtt/m/n/10.95 Fil
eNotFoundError\T1/cmr/m/n/10.95 , \T1/cmtt/m/n/10.95 PermissionError\T1/cmr/m/n
/10.95 ,
 []



[271

]

[272

] (./main_document_processed.lof)
\tf@lof=\write9
\openout9 = `main_document_processed.lof'.

 (./main_document_processed.bbl

[273

]

LaTeX Warning: Empty `thebibliography' environment on input line 3.

)

[274

] (./main_document_processed.aux)
 ***********
LaTeX2e <2024-11-01> patch level 2
L3 programming layer <2025-01-18>
 ***********
Package rerunfilecheck Info: File `main_document_processed.out' has not changed
.
(rerunfilecheck)             Checksum: C06EF8D64B4ED18C5B5FC13D76838DE0;43846.
 ) 
Here is how much of TeX's memory you used:
 54183 strings out of 473197
 1252725 string characters out of 5718604
 1969699 words of memory out of 5000000
 75631 multiletter control sequences out of 15000+600000
 583079 words of font info for 88 fonts, out of 8000000 for 9000
 1141 hyphenation exceptions out of 8191
 130i,13n,124p,875b,1510s stack positions out of 10000i,1000n,20000p,200000b,200000s
</usr/share/texlive/texmf-dist/fonts/type1/public/amsfonts/cm/cmmi10.pfb></us
r/share/texlive/texmf-dist/fonts/type1/public/amsfonts/cm/cmr10.pfb></usr/share
/texlive/texmf-dist/fonts/type1/public/amsfonts/cm/cmr8.pfb></usr/share/texlive
/texmf-dist/fonts/type1/public/amsfonts/cm/cmsy10.pfb></usr/share/texmf/fonts/t
ype1/public/cm-super/sfbx1095.pfb></usr/share/texmf/fonts/type1/public/cm-super
/sfbx1200.pfb></usr/share/texmf/fonts/type1/public/cm-super/sfbx1440.pfb></usr/
share/texmf/fonts/type1/public/cm-super/sfbx2074.pfb></usr/share/texmf/fonts/ty
pe1/public/cm-super/sfbx2488.pfb></usr/share/texmf/fonts/type1/public/cm-super/
sfit1000.pfb></usr/share/texmf/fonts/type1/public/cm-super/sfrm0600.pfb></usr/s
hare/texmf/fonts/type1/public/cm-super/sfrm0800.pfb></usr/share/texmf/fonts/typ
e1/public/cm-super/sfrm1095.pfb></usr/share/texmf/fonts/type1/public/cm-super/s
fsx0800.pfb></usr/share/texmf/fonts/type1/public/cm-super/sfsx0900.pfb></usr/sh
are/texmf/fonts/type1/public/cm-super/sfsx3583.pfb></usr/share/texmf/fonts/type
1/public/cm-super/sfti1095.pfb></usr/share/texmf/fonts/type1/public/cm-super/sf
tt0800.pfb></usr/share/texmf/fonts/type1/public/cm-super/sftt0900.pfb></usr/sha
re/texmf/fonts/type1/public/cm-super/sftt1000.pfb></usr/share/texmf/fonts/type1
/public/cm-super/sftt1095.pfb></usr/share/texmf/fonts/type1/public/cm-super/sft
t1200.pfb></usr/share/texmf/fonts/type1/public/cm-super/sftt1440.pfb>
Output written on main_document_processed.pdf (274 pages, 1176575 bytes).
PDF statistics:
 2700 PDF objects out of 2984 (max. 8388607)
 2328 compressed objects within 24 object streams
 817 named destinations out of 1000 (max. 500000)
 1445 words of extra memory for PDF output out of 10000 (max. 10000000)

