\BOOKMARK [0][-]{chapter.1}{\376\377\000I\000n\000t\000r\000o\000d\000u\000c\000t\000i\000o\000n}{}% 1
\BOOKMARK [0][-]{chapter.2}{\376\377\000E\000x\000e\000c\000u\000t\000i\000o\000n\000\040\000A\000r\000c\000h\000i\000t\000e\000c\000t\000u\000r\000e\000:\000\040\000F\000r\000o\000m\000\040\000C\000\040\000P\000r\000o\000c\000e\000s\000s\000e\000s\000\040\000t\000o\000\040\000P\000y\000t\000h\000o\000n\000\040\000R\000u\000n\000t\000i\000m\000e\000\040\000S\000e\000m\000a\000n\000t\000i\000c\000s}{}% 2
\BOOKMARK [1][-]{section.2.1}{\376\377\000O\000p\000e\000r\000a\000t\000i\000n\000g\000\040\000S\000y\000s\000t\000e\000m\000s\000,\000\040\000P\000r\000o\000g\000r\000a\000m\000s\000,\000\040\000a\000n\000d\000\040\000P\000r\000o\000c\000e\000s\000s\000\040\000M\000e\000c\000h\000a\000n\000i\000c\000s}{chapter.2}% 3
\BOOKMARK [2][-]{subsection.2.1.1}{\376\377\000F\000o\000u\000n\000d\000a\000t\000i\000o\000n\000s\000\040\000o\000f\000\040\000E\000x\000e\000c\000u\000t\000i\000o\000n\000\040\000A\000r\000c\000h\000i\000t\000e\000c\000t\000u\000r\000e}{section.2.1}% 4
\BOOKMARK [2][-]{subsection.2.1.2}{\376\377\000T\000h\000e\000\040\000T\000r\000a\000d\000i\000t\000i\000o\000n\000a\000l\000\040\000C\000o\000m\000p\000i\000l\000a\000t\000i\000o\000n\000\040\000P\000i\000p\000e\000l\000i\000n\000e\000\040\000\050\000T\000h\000e\000\040\000C\000\040\000B\000l\000u\000e\000p\000r\000i\000n\000t\000\051}{section.2.1}% 5
\BOOKMARK [2][-]{subsection.2.1.3}{\376\377\000P\000r\000o\000g\000r\000a\000m\000\040\000L\000o\000a\000d\000i\000n\000g\000\040\000a\000n\000d\000\040\000E\000x\000e\000c\000u\000t\000i\000o\000n\000\040\000M\000e\000c\000h\000a\000n\000i\000c\000s}{section.2.1}% 6
\BOOKMARK [2][-]{subsection.2.1.4}{\376\377\000M\000e\000m\000o\000r\000y\000\040\000L\000a\000y\000o\000u\000t\000\040\000i\000n\000\040\000B\000a\000r\000e\000-\000M\000e\000t\000a\000l\000\040\000C\000o\000m\000p\000i\000l\000e\000d\000\040\000P\000r\000o\000c\000e\000s\000s\000e\000s}{section.2.1}% 7
\BOOKMARK [2][-]{subsection.2.1.5}{\376\377\000O\000p\000e\000r\000a\000t\000i\000n\000g\000\040\000S\000y\000s\000t\000e\000m\000\040\000R\000e\000s\000o\000u\000r\000c\000e\000\040\000M\000a\000n\000a\000g\000e\000m\000e\000n\000t}{section.2.1}% 8
\BOOKMARK [1][-]{section.2.2}{\376\377\000P\000r\000o\000c\000e\000s\000s\000\040\000V\000i\000r\000t\000u\000a\000l\000\040\000M\000a\000c\000h\000i\000n\000e\000s\000\040\000a\000n\000d\000\040\000I\000n\000t\000e\000r\000p\000r\000e\000t\000e\000d\000\040\000R\000u\000n\000t\000i\000m\000e\000s}{chapter.2}% 9
\BOOKMARK [2][-]{subsection.2.2.1}{\376\377\000F\000r\000o\000m\000\040\000N\000a\000t\000i\000v\000e\000\040\000E\000x\000e\000c\000u\000t\000a\000b\000l\000e\000s\000\040\000t\000o\000\040\000R\000u\000n\000t\000i\000m\000e\000-\000H\000o\000s\000t\000e\000d\000\040\000P\000r\000o\000g\000r\000a\000m\000s}{section.2.2}% 10
\BOOKMARK [2][-]{subsection.2.2.2}{\376\377\000A\000b\000s\000t\000r\000a\000c\000t\000i\000n\000g\000\040\000t\000h\000e\000\040\000H\000a\000r\000d\000w\000a\000r\000e\000\040\000L\000a\000y\000e\000r\000:\000\040\000T\000h\000e\000\040\000P\000r\000o\000c\000e\000s\000s\000\040\000V\000M\000\040\000B\000l\000u\000e\000p\000r\000i\000n\000t}{section.2.2}% 11
\BOOKMARK [2][-]{subsection.2.2.3}{\376\377\000C\000o\000m\000p\000a\000r\000a\000t\000i\000v\000e\000\040\000R\000u\000n\000t\000i\000m\000e\000\040\000C\000a\000s\000e\000\040\000S\000t\000u\000d\000i\000e\000s}{section.2.2}% 12
\BOOKMARK [1][-]{section.2.3}{\376\377\000A\000r\000c\000h\000i\000t\000e\000c\000t\000u\000r\000a\000l\000\040\000R\000o\000a\000d\000m\000a\000p\000s\000\040\000o\000f\000\040\000M\000o\000d\000e\000r\000n\000\040\000P\000r\000o\000c\000e\000d\000u\000r\000a\000l\000\040\000E\000x\000t\000e\000n\000s\000i\000o\000n\000s}{chapter.2}% 13
\BOOKMARK [1][-]{section.2.4}{\376\377\000A\000r\000c\000h\000i\000t\000e\000c\000t\000u\000r\000a\000l\000\040\000R\000o\000a\000d\000m\000a\000p\000s\000\040\000o\000f\000\040\000M\000o\000d\000e\000r\000n\000\040\000P\000r\000o\000c\000e\000d\000u\000r\000a\000l\000\040\000E\000x\000t\000e\000n\000s\000i\000o\000n\000s}{chapter.2}% 14
\BOOKMARK [2][-]{subsection.2.4.1}{\376\377\000F\000u\000n\000c\000t\000i\000o\000n\000s\000\040\000a\000s\000\040\000R\000u\000n\000t\000i\000m\000e\000\040\000V\000a\000l\000u\000e\000s\000\040\000a\000n\000d\000\040\000S\000a\000v\000e\000d\000\040\000E\000x\000e\000c\000u\000t\000i\000o\000n\000\040\000C\000o\000n\000t\000e\000x\000t}{section.2.4}% 15
\BOOKMARK [2][-]{subsection.2.4.2}{\376\377\000S\000u\000s\000p\000e\000n\000d\000e\000d\000\040\000E\000x\000e\000c\000u\000t\000i\000o\000n\000\040\000a\000n\000d\000\040\000R\000u\000n\000t\000i\000m\000e\000-\000M\000a\000n\000a\000g\000e\000d\000\040\000C\000o\000n\000t\000r\000o\000l\000\040\000F\000l\000o\000w}{section.2.4}% 16
\BOOKMARK [0][-]{chapter.3}{\376\377\000I\000n\000t\000r\000o\000d\000u\000c\000t\000i\000o\000n\000\040\000t\000o\000\040\000t\000h\000e\000\040\000P\000y\000t\000h\000o\000n\000\040\000L\000a\000n\000g\000u\000a\000g\000e\000\040\000A\000r\000c\000h\000i\000t\000e\000c\000t\000u\000r\000e}{}% 17
\BOOKMARK [1][-]{section.3.1}{\376\377\000H\000i\000s\000t\000o\000r\000i\000c\000a\000l\000\040\000C\000o\000n\000t\000e\000x\000t\000\040\000a\000n\000d\000\040\000D\000e\000s\000i\000g\000n\000\040\000E\000v\000o\000l\000u\000t\000i\000o\000n}{chapter.3}% 18
\BOOKMARK [2][-]{subsection.3.1.1}{\376\377\000C\000h\000r\000o\000n\000o\000l\000o\000g\000i\000c\000a\000l\000\040\000T\000i\000m\000e\000l\000i\000n\000e\000:\000\040\000T\000h\000e\000\040\000G\000e\000n\000e\000s\000i\000s\000,\000\040\000O\000r\000i\000g\000i\000n\000s\000,\000\040\000a\000n\000d\000\040\000F\000o\000r\000m\000a\000l\000\040\000R\000e\000l\000e\000a\000s\000e\000\040\000o\000f\000\040\000P\000y\000t\000h\000o\000n\000\040\000\050\000G\000u\000i\000d\000o\000\040\000v\000a\000n\000\040\000R\000o\000s\000s\000u\000m\000,\000\040\0001\0009\0008\0009\040\023\0001\0009\0009\0001\000\051}{section.3.1}% 19
\BOOKMARK [2][-]{subsection.3.1.2}{\376\377\000D\000e\000s\000i\000g\000n\000\040\000P\000h\000i\000l\000o\000s\000o\000p\000h\000y\000\040\000a\000n\000d\000\040\000T\000e\000n\000s\000i\000o\000n\000s\000:\000\040\000R\000e\000a\000d\000i\000n\000g\000\040\040\034\000T\000h\000e\000\040\000Z\000e\000n\000\040\000o\000f\000\040\000P\000y\000t\000h\000o\000n\040\035\000\040\000C\000r\000i\000t\000i\000c\000a\000l\000l\000y}{section.3.1}% 20
\BOOKMARK [1][-]{section.3.2}{\376\377\000P\000y\000t\000h\000o\000n\000\040\000I\000m\000p\000l\000e\000m\000e\000n\000t\000a\000t\000i\000o\000n\000s\000\040\000a\000n\000d\000\040\000t\000h\000e\000\040\000R\000o\000l\000e\000\040\000o\000f\000\040\000C\000P\000y\000t\000h\000o\000n}{chapter.3}% 21
\BOOKMARK [2][-]{subsection.3.2.1}{\376\377\000P\000y\000t\000h\000o\000n\000\040\000a\000s\000\040\000a\000\040\000L\000a\000n\000g\000u\000a\000g\000e\000\040\000v\000s\000.\000\040\000C\000P\000y\000t\000h\000o\000n\000\040\000a\000s\000\040\000t\000h\000e\000\040\000R\000e\000f\000e\000r\000e\000n\000c\000e\000\040\000I\000m\000p\000l\000e\000m\000e\000n\000t\000a\000t\000i\000o\000n}{section.3.2}% 22
\BOOKMARK [2][-]{subsection.3.2.2}{\376\377\000C\000P\000y\000t\000h\000o\000n\000,\000\040\000P\000y\000P\000y\000,\000\040\000J\000y\000t\000h\000o\000n\000,\000\040\000I\000r\000o\000n\000P\000y\000t\000h\000o\000n\000,\000\040\000a\000n\000d\000\040\000A\000l\000t\000e\000r\000n\000a\000t\000i\000v\000e\000\040\000R\000u\000n\000t\000i\000m\000e\000\040\000S\000t\000r\000a\000t\000e\000g\000i\000e\000s}{section.3.2}% 23
\BOOKMARK [2][-]{subsection.3.2.3}{\376\377\000P\000y\000t\000h\000o\000n\000\040\000C\000o\000m\000p\000i\000l\000e\000r\000s\000,\000\040\000A\000c\000c\000e\000l\000e\000r\000a\000t\000o\000r\000s\000,\000\040\000a\000n\000d\000\040\000T\000r\000a\000n\000s\000l\000a\000t\000o\000r\000s\000:\000\040\000C\000y\000t\000h\000o\000n\000,\000\040\000N\000u\000i\000t\000k\000a\000,\000\040\000N\000u\000m\000b\000a\000,\000\040\000M\000y\000P\000y\000C\000,\000\040\000a\000n\000d\000\040\000R\000e\000l\000a\000t\000e\000d\000\040\000T\000o\000o\000l\000s}{section.3.2}% 24
\BOOKMARK [2][-]{subsection.3.2.4}{\376\377\000T\000h\000e\000\040\000P\000r\000a\000c\000t\000i\000c\000a\000l\000\040\000C\000o\000n\000s\000e\000q\000u\000e\000n\000c\000e\000:\000\040\000P\000y\000t\000h\000o\000n\000\040\000C\000o\000d\000e\000\040\000C\000a\000n\000\040\000H\000a\000v\000e\000\040\000D\000i\000f\000f\000e\000r\000e\000n\000t\000\040\000E\000x\000e\000c\000u\000t\000i\000o\000n\000\040\000B\000a\000c\000k\000e\000n\000d\000s\000\040\000b\000u\000t\000\040\000O\000n\000e\000\040\000D\000o\000m\000i\000n\000a\000n\000t\000\040\000R\000e\000f\000e\000r\000e\000n\000c\000e\000\040\000R\000u\000n\000t\000i\000m\000e}{section.3.2}% 25
\BOOKMARK [0][-]{chapter.4}{\376\377\000V\000a\000r\000i\000a\000b\000l\000e\000s\000\040\000a\000n\000d\000\040\000S\000i\000n\000g\000u\000l\000a\000r\000\040\000D\000a\000t\000a\000\040\000T\000y\000p\000e\000s}{}% 26
\BOOKMARK [1][-]{section.4.1}{\376\377\000I\000d\000e\000n\000t\000i\000f\000i\000e\000r\000s\000\040\000a\000n\000d\000\040\000S\000y\000n\000t\000a\000x\000\040\000R\000u\000l\000e\000s\000\040\000f\000o\000r\000\040\000V\000a\000r\000i\000a\000b\000l\000e\000s}{chapter.4}% 27
\BOOKMARK [2][-]{subsection.4.1.1}{\376\377\000L\000e\000g\000a\000l\000\040\000a\000n\000d\000\040\000S\000t\000r\000u\000c\000t\000u\000r\000a\000l\000\040\000L\000e\000x\000e\000r\000\040\000C\000o\000n\000s\000t\000r\000a\000i\000n\000t\000s}{section.4.1}% 28
\BOOKMARK [1][-]{section.4.2}{\376\377\000A\000s\000s\000i\000g\000n\000m\000e\000n\000t\000\040\000a\000n\000d\000\040\000N\000a\000m\000e\000\040\000B\000i\000n\000d\000i\000n\000g}{chapter.4}% 29
\BOOKMARK [2][-]{subsection.4.2.1}{\376\377\000S\000i\000m\000p\000l\000e\000\040\000A\000s\000s\000i\000g\000n\000m\000e\000n\000t\000:\000\040\000C\000r\000e\000a\000t\000i\000n\000g\000\040\000o\000r\000\040\000R\000e\000b\000i\000n\000d\000i\000n\000g\000\040\000a\000\040\000N\000a\000m\000e}{section.4.2}% 30
\BOOKMARK [2][-]{subsection.4.2.2}{\376\377\000M\000u\000l\000t\000i\000p\000l\000e\000\040\000A\000s\000s\000i\000g\000n\000m\000e\000n\000t\000\040\000a\000n\000d\000\040\000U\000n\000p\000a\000c\000k\000i\000n\000g}{section.4.2}% 31
\BOOKMARK [2][-]{subsection.4.2.3}{\376\377\000A\000u\000g\000m\000e\000n\000t\000e\000d\000\040\000A\000s\000s\000i\000g\000n\000m\000e\000n\000t}{section.4.2}% 32
\BOOKMARK [2][-]{subsection.4.2.4}{\376\377\000D\000e\000l\000e\000t\000i\000n\000g\000\040\000N\000a\000m\000e\000s}{section.4.2}% 33
\BOOKMARK [1][-]{section.4.3}{\376\377\000S\000i\000n\000g\000u\000l\000a\000r\000\040\000D\000a\000t\000a\000\040\000D\000o\000m\000a\000i\000n\000s\000\040\000a\000n\000d\000\040\000O\000p\000e\000r\000a\000t\000o\000r\000\040\000P\000r\000e\000c\000e\000d\000e\000n\000c\000e}{chapter.4}% 34
\BOOKMARK [2][-]{subsection.4.3.1}{\376\377\000T\000h\000e\000\040\000I\000n\000t\000e\000g\000e\000r\000\040\000R\000e\000p\000r\000e\000s\000e\000n\000t\000a\000t\000i\000o\000n\000\040\000A\000r\000c\000h\000i\000t\000e\000c\000t\000u\000r\000e\000\040\000\050\000i\000n\000t\000\051}{section.4.3}% 35
\BOOKMARK [2][-]{subsection.4.3.2}{\376\377\000T\000h\000e\000\040\000F\000l\000o\000a\000t\000i\000n\000g\000-\000P\000o\000i\000n\000t\000\040\000R\000e\000p\000r\000e\000s\000e\000n\000t\000a\000t\000i\000o\000n\000\040\000A\000r\000c\000h\000i\000t\000e\000c\000t\000u\000r\000e\000\040\000\050\000f\000l\000o\000a\000t\000\051}{section.4.3}% 36
\BOOKMARK [2][-]{subsection.4.3.3}{\376\377\000T\000h\000e\000\040\000B\000o\000o\000l\000e\000a\000n\000\040\000R\000e\000p\000r\000e\000s\000e\000n\000t\000a\000t\000i\000o\000n\000\040\000A\000r\000c\000h\000i\000t\000e\000c\000t\000u\000r\000e\000\040\000\050\000b\000o\000o\000l\000\051}{section.4.3}% 37
\BOOKMARK [2][-]{subsection.4.3.4}{\376\377\000T\000h\000e\000\040\000N\000u\000l\000l\000-\000S\000e\000n\000t\000i\000n\000e\000l\000\040\000O\000b\000j\000e\000c\000t\000\040\000\050\000N\000o\000n\000e\000\051}{section.4.3}% 38
\BOOKMARK [2][-]{subsection.4.3.5}{\376\377\000N\000u\000m\000e\000r\000i\000c\000a\000l\000\040\000O\000p\000e\000r\000a\000t\000o\000r\000\040\000A\000r\000c\000h\000i\000t\000e\000c\000t\000u\000r\000e\000\040\000a\000n\000d\000\040\000P\000r\000e\000c\000e\000d\000e\000n\000c\000e\000\040\000G\000r\000a\000p\000h\000s}{section.4.3}% 39
\BOOKMARK [1][-]{section.4.4}{\376\377\000R\000u\000n\000t\000i\000m\000e\000\040\000T\000y\000p\000i\000n\000g\000\040\000C\000o\000n\000s\000e\000q\000u\000e\000n\000c\000e\000s\000\040\000i\000n\000\040\000S\000i\000n\000g\000u\000l\000a\000r\000\040\000O\000p\000e\000r\000a\000t\000i\000o\000n\000s}{chapter.4}% 40
\BOOKMARK [2][-]{subsection.4.4.1}{\376\377\000D\000y\000n\000a\000m\000i\000c\000\040\000T\000y\000p\000i\000n\000g\000\040\000i\000n\000\040\000A\000s\000s\000i\000g\000n\000m\000e\000n\000t}{section.4.4}% 41
\BOOKMARK [2][-]{subsection.4.4.2}{\376\377\000S\000t\000r\000o\000n\000g\000\040\000T\000y\000p\000i\000n\000g\000\040\000i\000n\000\040\000O\000p\000e\000r\000a\000t\000i\000o\000n\000s}{section.4.4}% 42
\BOOKMARK [2][-]{subsection.4.4.3}{\376\377\000S\000t\000r\000u\000c\000t\000u\000r\000a\000l\000\040\000S\000u\000m\000m\000a\000r\000y}{section.4.4}% 43
\BOOKMARK [0][-]{chapter.5}{\376\377\000S\000e\000q\000u\000e\000n\000t\000i\000a\000l\000\040\000C\000o\000m\000p\000o\000n\000e\000n\000t\000\040\000D\000a\000t\000a\000\040\000A\000r\000c\000h\000i\000t\000e\000c\000t\000u\000r\000e\000s\000\040\000\050\000S\000t\000r\000i\000n\000g\000s\000,\000\040\000L\000i\000s\000t\000s\000,\000\040\000a\000n\000d\000\040\000T\000u\000p\000l\000e\000s\000\051}{}% 44
\BOOKMARK [1][-]{section.5.1}{\376\377\000T\000h\000e\000\040\000G\000e\000n\000e\000r\000a\000l\000\040\000S\000e\000q\000u\000e\000n\000c\000e\000\040\000M\000o\000d\000e\000l\000\040\000i\000n\000\040\000P\000y\000t\000h\000o\000n}{chapter.5}% 45
\BOOKMARK [2][-]{subsection.5.1.1}{\376\377\000O\000r\000d\000e\000r\000e\000d\000\040\000C\000o\000m\000p\000o\000n\000e\000n\000t\000\040\000S\000t\000o\000r\000a\000g\000e\000\040\000a\000n\000d\000\040\000P\000o\000s\000i\000t\000i\000o\000n\000a\000l\000\040\000A\000c\000c\000e\000s\000s}{section.5.1}% 46
\BOOKMARK [2][-]{subsection.5.1.2}{\376\377\000S\000e\000q\000u\000e\000n\000c\000e\000\040\000O\000p\000e\000r\000a\000t\000o\000r\000s\000\040\000a\000n\000d\000\040\000S\000h\000a\000r\000e\000d\000\040\000B\000e\000h\000a\000v\000i\000o\000r\000s}{section.5.1}% 47
\BOOKMARK [1][-]{section.5.2}{\376\377\000T\000e\000x\000t\000\040\000E\000n\000c\000o\000d\000i\000n\000g\000\040\000S\000y\000s\000t\000e\000m\000s\000,\000\040\000L\000e\000x\000i\000c\000a\000l\000\040\000E\000s\000c\000a\000p\000e\000\040\000M\000a\000p\000s\000,\000\040\000a\000n\000d\000\040\000C\000h\000a\000r\000a\000c\000t\000e\000r\000\040\000R\000e\000p\000r\000e\000s\000e\000n\000t\000a\000t\000i\000o\000n}{chapter.5}% 48
\BOOKMARK [2][-]{subsection.5.2.1}{\376\377\000C\000h\000a\000r\000a\000c\000t\000e\000r\000\040\000I\000n\000t\000e\000r\000o\000p\000e\000r\000a\000b\000i\000l\000i\000t\000y\000\040\000S\000t\000a\000n\000d\000a\000r\000d\000s}{section.5.2}% 49
\BOOKMARK [2][-]{subsection.5.2.2}{\376\377\000N\000a\000t\000i\000v\000e\000\040\000C\000o\000n\000v\000e\000r\000s\000i\000o\000n\000\040\000a\000n\000d\000\040\000B\000o\000u\000n\000d\000a\000r\000y\000\040\000E\000s\000c\000a\000p\000e\000\040\000S\000e\000q\000u\000e\000n\000c\000e\000s}{section.5.2}% 50
\BOOKMARK [2][-]{subsection.5.2.3}{\376\377\000E\000x\000t\000e\000n\000d\000e\000d\000\040\000U\000n\000i\000v\000e\000r\000s\000a\000l\000\040\000C\000o\000d\000e\000p\000o\000i\000n\000t\000\040\000E\000s\000c\000a\000p\000e\000\040\000A\000c\000c\000e\000s\000s}{section.5.2}% 51
\BOOKMARK [1][-]{section.5.3}{\376\377\000C\000P\000y\000t\000h\000o\000n\000\040\000S\000t\000r\000i\000n\000g\000\040\000M\000e\000m\000o\000r\000y\000\040\000R\000e\000a\000l\000i\000t\000i\000e\000s\000\040\000\050\000s\000t\000r\000\051}{chapter.5}% 52
\BOOKMARK [2][-]{subsection.5.3.1}{\376\377\000S\000t\000r\000u\000c\000t\000u\000r\000a\000l\000\040\000A\000b\000s\000t\000r\000a\000c\000t\000i\000o\000n\000\040\000o\000f\000\040\000t\000h\000e\000\040\000U\000n\000i\000c\000o\000d\000e\000\040\000S\000t\000a\000n\000d\000a\000r\000d}{section.5.3}% 53
\BOOKMARK [2][-]{subsection.5.3.2}{\376\377\000C\000P\000y\000t\000h\000o\000n\000\040\000M\000e\000m\000o\000r\000y\000\040\000O\000p\000t\000i\000m\000i\000z\000a\000t\000i\000o\000n\000\040\000A\000r\000c\000h\000i\000t\000e\000c\000t\000u\000r\000e\000\040\000\050\000P\000E\000P\000\040\0003\0009\0003\000\051}{section.5.3}% 54
\BOOKMARK [2][-]{subsection.5.3.3}{\376\377\000S\000t\000r\000u\000c\000t\000u\000r\000a\000l\000\040\000E\000x\000t\000r\000a\000c\000t\000i\000o\000n\000\040\000a\000n\000d\000\040\000E\000v\000a\000l\000u\000a\000t\000i\000o\000n}{section.5.3}% 55
\BOOKMARK [2][-]{subsection.5.3.4}{\376\377\000S\000t\000r\000i\000n\000g\000\040\000S\000e\000q\000u\000e\000n\000c\000e\000\040\000O\000p\000e\000r\000a\000t\000i\000o\000n\000s}{section.5.3}% 56
\BOOKMARK [1][-]{section.5.4}{\376\377\000D\000y\000n\000a\000m\000i\000c\000\040\000P\000o\000i\000n\000t\000e\000r\000\040\000A\000r\000r\000a\000y\000s\000:\000\040\000T\000h\000e\000\040\000P\000y\000t\000h\000o\000n\000\040\000L\000i\000s\000t\000\040\000A\000r\000c\000h\000i\000t\000e\000c\000t\000u\000r\000e\000\040\000\050\000l\000i\000s\000t\000\051}{chapter.5}% 57
\BOOKMARK [2][-]{subsection.5.4.1}{\376\377\000T\000h\000e\000\040\000M\000e\000m\000o\000r\000y\000\040\000L\000a\000y\000o\000u\000t\000\040\000P\000a\000r\000a\000d\000i\000g\000m\000\040\000C\000o\000n\000t\000r\000a\000s\000t}{section.5.4}% 58
\BOOKMARK [2][-]{subsection.5.4.2}{\376\377\000C\000P\000y\000t\000h\000o\000n\000\040\000D\000y\000n\000a\000m\000i\000c\000\040\000S\000c\000a\000l\000i\000n\000g\000\040\000M\000e\000c\000h\000a\000n\000i\000c\000s}{section.5.4}% 59
\BOOKMARK [2][-]{subsection.5.4.3}{\376\377\000L\000i\000s\000t\000\040\000M\000u\000t\000a\000t\000i\000o\000n\000\040\000O\000p\000e\000r\000a\000t\000i\000o\000n\000s}{section.5.4}% 60
\BOOKMARK [2][-]{subsection.5.4.4}{\376\377\000D\000e\000e\000p\000\040\000v\000s\000.\000\040\000S\000h\000a\000l\000l\000o\000w\000\040\000S\000t\000r\000u\000c\000t\000u\000r\000a\000l\000\040\000C\000l\000o\000n\000i\000n\000g}{section.5.4}% 61
\BOOKMARK [1][-]{section.5.5}{\376\377\000F\000i\000x\000e\000d\000\040\000S\000t\000r\000u\000c\000t\000u\000r\000a\000l\000\040\000C\000o\000n\000t\000i\000g\000u\000i\000t\000y\000:\000\040\000T\000h\000e\000\040\000T\000u\000p\000l\000e\000\040\000A\000r\000c\000h\000i\000t\000e\000c\000t\000u\000r\000e\000\040\000\050\000t\000u\000p\000l\000e\000\051}{chapter.5}% 62
\BOOKMARK [2][-]{subsection.5.5.1}{\376\377\000T\000u\000p\000l\000e\000\040\000S\000y\000n\000t\000a\000x\000\040\000a\000n\000d\000\040\000S\000t\000r\000u\000c\000t\000u\000r\000a\000l\000\040\000R\000o\000l\000e}{section.5.5}% 63
\BOOKMARK [2][-]{subsection.5.5.2}{\376\377\000I\000m\000m\000u\000t\000a\000b\000l\000e\000\040\000S\000e\000q\000u\000e\000n\000c\000e\000\040\000I\000n\000v\000a\000r\000i\000a\000n\000t\000s}{section.5.5}% 64
\BOOKMARK [2][-]{subsection.5.5.3}{\376\377\000C\000P\000y\000t\000h\000o\000n\000\040\000A\000l\000l\000o\000c\000a\000t\000i\000o\000n\000\040\000O\000p\000t\000i\000m\000i\000z\000a\000t\000i\000o\000n\000s}{section.5.5}% 65
\BOOKMARK [0][-]{chapter.6}{\376\377\000C\000o\000n\000t\000r\000o\000l\000\040\000F\000l\000o\000w\000\040\000G\000r\000a\000p\000h\000s\000,\000\040\000L\000a\000z\000y\000\040\000T\000r\000a\000v\000e\000r\000s\000a\000l\000,\000\040\000a\000n\000d\000\040\000E\000x\000c\000e\000p\000t\000i\000o\000n\000\040\000R\000o\000u\000t\000i\000n\000g}{}% 66
\BOOKMARK [1][-]{section.6.1}{\376\377\000F\000r\000o\000m\000\040\000L\000i\000n\000e\000a\000r\000\040\000S\000o\000u\000r\000c\000e\000\040\000T\000e\000x\000t\000\040\000t\000o\000\040\000C\000o\000n\000t\000r\000o\000l\000\040\000F\000l\000o\000w\000\040\000G\000r\000a\000p\000h\000s}{chapter.6}% 67
\BOOKMARK [2][-]{subsection.6.1.1}{\376\377\000S\000t\000a\000t\000e\000m\000e\000n\000t\000s\000,\000\040\000B\000a\000s\000i\000c\000\040\000B\000l\000o\000c\000k\000s\000,\000\040\000a\000n\000d\000\040\000E\000x\000e\000c\000u\000t\000i\000o\000n\000\040\000E\000d\000g\000e\000s}{section.6.1}% 68
\BOOKMARK [1][-]{section.6.2}{\376\377\000C\000o\000d\000e\000\040\000B\000l\000o\000c\000k\000\040\000S\000y\000n\000t\000a\000x\000\040\000a\000n\000d\000\040\000I\000n\000d\000e\000n\000t\000a\000t\000i\000o\000n\000\040\000S\000e\000m\000a\000n\000t\000i\000c\000s}{chapter.6}% 69
\BOOKMARK [2][-]{subsection.6.2.1}{\376\377\000T\000h\000e\000\040\000P\000h\000i\000l\000o\000s\000o\000p\000h\000y\000\040\000o\000f\000\040\000S\000y\000n\000t\000a\000c\000t\000i\000c\000\040\000W\000h\000i\000t\000e\000s\000p\000a\000c\000e}{section.6.2}% 70
\BOOKMARK [2][-]{subsection.6.2.2}{\376\377\000C\000o\000m\000p\000a\000r\000a\000t\000i\000v\000e\000\040\000P\000a\000r\000a\000d\000i\000g\000m\000\040\000A\000n\000a\000l\000y\000s\000i\000s}{section.6.2}% 71
\BOOKMARK [2][-]{subsection.6.2.3}{\376\377\000E\000m\000p\000t\000y\000\040\000B\000l\000o\000c\000k\000s\000\040\000a\000n\000d\000\040\000S\000t\000r\000u\000c\000t\000u\000r\000a\000l\000\040\000P\000l\000a\000c\000e\000h\000o\000l\000d\000e\000r\000s}{section.6.2}% 72
\BOOKMARK [1][-]{section.6.3}{\376\377\000C\000o\000n\000d\000i\000t\000i\000o\000n\000a\000l\000\040\000S\000t\000a\000t\000e\000m\000e\000n\000t\000s\000\040\000a\000n\000d\000\040\000D\000e\000c\000i\000s\000i\000o\000n\000\040\000T\000r\000e\000e\000s}{chapter.6}% 73
\BOOKMARK [2][-]{subsection.6.3.1}{\376\377\000S\000y\000n\000t\000a\000x\000\040\000o\000f\000\040\000B\000r\000a\000n\000c\000h\000i\000n\000g\000\040\000C\000o\000n\000t\000r\000o\000l\000\040\000G\000r\000a\000p\000h\000s}{section.6.3}% 74
\BOOKMARK [2][-]{subsection.6.3.2}{\376\377\000L\000o\000g\000i\000c\000\040\000E\000v\000a\000l\000u\000a\000t\000i\000o\000n\000\040\000A\000r\000c\000h\000i\000t\000e\000c\000t\000u\000r\000e}{section.6.3}% 75
\BOOKMARK [1][-]{section.6.4}{\376\377\000A\000r\000i\000t\000h\000m\000e\000t\000i\000c\000\040\000S\000e\000q\000u\000e\000n\000c\000e\000\040\000D\000e\000s\000c\000r\000i\000p\000t\000o\000r\000s\000:\000\040\000T\000h\000e\000\040\000r\000a\000n\000g\000e\000\050\000\051\000\040\000O\000b\000j\000e\000c\000t}{chapter.6}% 76
\BOOKMARK [2][-]{subsection.6.4.1}{\376\377\000T\000h\000e\000\040\000L\000a\000z\000y\000\040\000E\000v\000a\000l\000u\000a\000t\000i\000o\000n\000\040\000I\000n\000v\000a\000r\000i\000a\000n\000t}{section.6.4}% 77
\BOOKMARK [2][-]{subsection.6.4.2}{\376\377\000S\000e\000q\000u\000e\000n\000c\000e\000\040\000B\000e\000h\000a\000v\000i\000o\000r\000\040\000M\000e\000t\000r\000i\000c\000s}{section.6.4}% 78
\BOOKMARK [1][-]{section.6.5}{\376\377\000I\000t\000e\000r\000a\000t\000i\000v\000e\000\040\000L\000o\000o\000p\000s\000\040\000a\000n\000d\000\040\000t\000h\000e\000\040\000I\000t\000e\000r\000a\000t\000o\000r\000\040\000P\000r\000o\000t\000o\000c\000o\000l}{chapter.6}% 79
\BOOKMARK [2][-]{subsection.6.5.1}{\376\377\000I\000t\000e\000r\000a\000b\000l\000e\000\040\000v\000s\000.\000\040\000I\000t\000e\000r\000a\000t\000o\000r}{section.6.5}% 80
\BOOKMARK [2][-]{subsection.6.5.2}{\376\377\000L\000o\000o\000p\000-\000e\000l\000s\000e\000\040\000C\000o\000m\000p\000l\000e\000t\000i\000o\000n\000\040\000S\000e\000m\000a\000n\000t\000i\000c\000s}{section.6.5}% 81
\BOOKMARK [1][-]{section.6.6}{\376\377\000L\000a\000z\000y\000\040\000T\000r\000a\000v\000e\000r\000s\000a\000l\000\040\000O\000b\000j\000e\000c\000t\000s\000\040\000a\000n\000d\000\040\000I\000t\000e\000r\000a\000t\000i\000o\000n\000\040\000H\000e\000l\000p\000e\000r\000s}{chapter.6}% 82
\BOOKMARK [2][-]{subsection.6.6.1}{\376\377\000E\000n\000u\000m\000e\000r\000a\000t\000e\000d\000\040\000T\000r\000a\000v\000e\000r\000s\000a\000l}{section.6.6}% 83
\BOOKMARK [2][-]{subsection.6.6.2}{\376\377\000P\000a\000r\000a\000l\000l\000e\000l\000\040\000T\000r\000a\000v\000e\000r\000s\000a\000l}{section.6.6}% 84
\BOOKMARK [2][-]{subsection.6.6.3}{\376\377\000T\000r\000a\000n\000s\000f\000o\000r\000m\000i\000n\000g\000\040\000a\000n\000d\000\040\000F\000i\000l\000t\000e\000r\000i\000n\000g\000\040\000I\000t\000e\000r\000a\000t\000i\000o\000n\000\040\000S\000t\000r\000e\000a\000m\000s}{section.6.6}% 85
\BOOKMARK [2][-]{subsection.6.6.4}{\376\377\000M\000a\000t\000e\000r\000i\000a\000l\000i\000z\000a\000t\000i\000o\000n\000\040\000B\000o\000u\000n\000d\000a\000r\000i\000e\000s}{section.6.6}% 86
\BOOKMARK [1][-]{section.6.7}{\376\377\000E\000x\000c\000e\000p\000t\000i\000o\000n\000a\000l\000\040\000C\000o\000n\000t\000r\000o\000l\000\040\000F\000l\000o\000w\000\040\000a\000n\000d\000\040\000E\000r\000r\000o\000r\000\040\000R\000o\000u\000t\000i\000n\000g}{chapter.6}% 87
\BOOKMARK [2][-]{subsection.6.7.1}{\376\377\000T\000h\000e\000\040\000A\000r\000c\000h\000i\000t\000e\000c\000t\000u\000r\000e\000\040\000o\000f\000\040\000N\000o\000n\000-\000L\000o\000c\000a\000l\000\040\000J\000u\000m\000p\000s}{section.6.7}% 88
\BOOKMARK [2][-]{subsection.6.7.2}{\376\377\000E\000x\000c\000e\000p\000t\000i\000o\000n\000\040\000C\000l\000a\000s\000s\000\040\000H\000i\000e\000r\000a\000r\000c\000h\000i\000e\000s\000\040\000a\000n\000d\000\040\000H\000a\000n\000d\000l\000e\000r\000\040\000S\000e\000l\000e\000c\000t\000i\000o\000n}{section.6.7}% 89
\BOOKMARK [2][-]{subsection.6.7.3}{\376\377\000E\000x\000c\000e\000p\000t\000i\000o\000n\000\040\000H\000a\000n\000d\000l\000i\000n\000g\000\040\000I\000n\000f\000r\000a\000s\000t\000r\000u\000c\000t\000u\000r\000e}{section.6.7}% 90
\BOOKMARK [2][-]{subsection.6.7.4}{\376\377\000P\000r\000o\000p\000a\000g\000a\000t\000i\000o\000n\000\040\000M\000e\000c\000h\000a\000n\000i\000c\000s}{section.6.7}% 91
\BOOKMARK [0][-]{chapter.7}{\376\377\000H\000a\000s\000h\000-\000B\000a\000s\000e\000d\000\040\000C\000o\000l\000l\000e\000c\000t\000i\000o\000n\000s\000\040\000a\000n\000d\000\040\000A\000s\000s\000o\000c\000i\000a\000t\000i\000v\000e\000\040\000M\000a\000p\000p\000i\000n\000g\000s}{}% 92
\BOOKMARK [1][-]{section.7.1}{\376\377\000H\000a\000s\000h\000\040\000T\000a\000b\000l\000e\000s\000\040\000a\000s\000\040\000N\000o\000n\000-\000S\000e\000q\000u\000e\000n\000t\000i\000a\000l\000\040\000C\000o\000m\000p\000o\000n\000e\000n\000t\000\040\000A\000c\000c\000e\000s\000s\000\040\000S\000t\000r\000u\000c\000t\000u\000r\000e\000s}{chapter.7}% 93
\BOOKMARK [2][-]{subsection.7.1.1}{\376\377\000F\000r\000o\000m\000\040\000P\000o\000s\000i\000t\000i\000o\000n\000a\000l\000\040\000A\000c\000c\000e\000s\000s\000\040\000t\000o\000\040\000H\000a\000s\000h\000-\000B\000a\000s\000e\000d\000\040\000A\000c\000c\000e\000s\000s}{section.7.1}% 94
\BOOKMARK [2][-]{subsection.7.1.2}{\376\377\000T\000h\000e\000\040\000H\000a\000s\000h\000\040\000a\000n\000d\000\040\000E\000q\000u\000a\000l\000i\000t\000y\000\040\000C\000o\000n\000t\000r\000a\000c\000t}{section.7.1}% 95
\BOOKMARK [1][-]{section.7.2}{\376\377\000U\000n\000o\000r\000d\000e\000r\000e\000d\000\040\000U\000n\000i\000q\000u\000e\000\040\000D\000o\000m\000a\000i\000n\000s\000:\000\040\000T\000h\000e\000\040\000S\000e\000t\000\040\000A\000r\000c\000h\000i\000t\000e\000c\000t\000u\000r\000e\000\040\000\050\000s\000e\000t\000\051}{chapter.7}% 96
\BOOKMARK [2][-]{subsection.7.2.1}{\376\377\000M\000a\000t\000h\000e\000m\000a\000t\000i\000c\000a\000l\000\040\000F\000o\000u\000n\000d\000a\000t\000i\000o\000n\000s\000\040\000a\000n\000d\000\040\000S\000t\000r\000u\000c\000t\000u\000r\000a\000l\000\040\000S\000y\000n\000t\000a\000x}{section.7.2}% 97
\BOOKMARK [2][-]{subsection.7.2.2}{\376\377\000C\000o\000n\000s\000t\000r\000a\000i\000n\000t\000s\000\040\000o\000f\000\040\000E\000l\000e\000m\000e\000n\000t\000\040\000I\000n\000g\000e\000s\000t\000i\000o\000n\000\040\000a\000n\000d\000\040\000R\000u\000n\000t\000i\000m\000e\000\040\000E\000n\000g\000i\000n\000e\000s}{section.7.2}% 98
\BOOKMARK [2][-]{subsection.7.2.3}{\376\377\000C\000o\000r\000e\000\040\000S\000e\000t\000\040\000M\000u\000t\000a\000t\000i\000o\000n\000\040\000O\000p\000e\000r\000a\000t\000i\000o\000n\000s}{section.7.2}% 99
\BOOKMARK [2][-]{subsection.7.2.4}{\376\377\000I\000m\000m\000u\000t\000a\000b\000l\000e\000\040\000S\000e\000t\000\040\000V\000a\000r\000i\000a\000n\000t\000s}{section.7.2}% 100
\BOOKMARK [1][-]{section.7.3}{\376\377\000S\000e\000t\000\040\000M\000a\000t\000h\000e\000m\000a\000t\000i\000c\000a\000l\000\040\000O\000p\000e\000r\000a\000t\000o\000r\000s\000\040\000a\000n\000d\000\040\000M\000u\000t\000a\000t\000o\000r\000\040\000M\000e\000t\000h\000o\000d\000s}{chapter.7}% 101
\BOOKMARK [2][-]{subsection.7.3.1}{\376\377\000I\000n\000-\000P\000l\000a\000c\000e\000\040\000M\000e\000m\000o\000r\000y\000\040\000M\000u\000t\000a\000t\000i\000o\000n}{section.7.3}% 102
\BOOKMARK [2][-]{subsection.7.3.2}{\376\377\000S\000t\000r\000u\000c\000t\000u\000r\000a\000l\000\040\000R\000e\000l\000a\000t\000i\000o\000n\000s\000h\000i\000p\000\040\000E\000v\000a\000l\000u\000a\000t\000i\000o\000n}{section.7.3}% 103
\BOOKMARK [1][-]{section.7.4}{\376\377\000D\000i\000c\000t\000i\000o\000n\000a\000r\000i\000e\000s\000\040\000\050\000d\000i\000c\000t\000\051\000\040\040\024\000\040\000K\000e\000y\000-\000V\000a\000l\000u\000e\000\040\000A\000s\000s\000o\000c\000i\000a\000t\000i\000v\000e\000\040\000M\000a\000p\000p\000i\000n\000g\000s}{chapter.7}% 104
\BOOKMARK [2][-]{subsection.7.4.1}{\376\377\000F\000o\000u\000n\000d\000a\000t\000i\000o\000n\000s\000\040\000o\000f\000\040\000A\000s\000s\000o\000c\000i\000a\000t\000i\000v\000e\000\040\000M\000a\000p\000p\000i\000n\000g}{section.7.4}% 105
\BOOKMARK [2][-]{subsection.7.4.2}{\376\377\000D\000i\000c\000t\000i\000o\000n\000a\000r\000y\000\040\000C\000o\000n\000s\000t\000r\000u\000c\000t\000i\000o\000n\000\040\000P\000a\000t\000t\000e\000r\000n\000s}{section.7.4}% 106
\BOOKMARK [2][-]{subsection.7.4.3}{\376\377\000C\000P\000y\000t\000h\000o\000n\000\040\000A\000r\000c\000h\000i\000t\000e\000c\000t\000u\000r\000a\000l\000\040\000E\000v\000o\000l\000u\000t\000i\000o\000n}{section.7.4}% 107
\BOOKMARK [2][-]{subsection.7.4.4}{\376\377\000O\000r\000d\000e\000r\000i\000n\000g\000\040\000G\000u\000a\000r\000a\000n\000t\000e\000e\000s\000\040\000a\000n\000d\000\040\000M\000i\000s\000c\000o\000n\000c\000e\000p\000t\000i\000o\000n\000s}{section.7.4}% 108
\BOOKMARK [2][-]{subsection.7.4.5}{\376\377\000Q\000u\000e\000r\000y\000i\000n\000g\000,\000\040\000M\000a\000n\000i\000p\000u\000l\000a\000t\000i\000n\000g\000,\000\040\000a\000n\000d\000\040\000M\000u\000t\000a\000t\000i\000n\000g\000\040\000D\000i\000c\000t\000i\000o\000n\000a\000r\000y\000\040\000S\000t\000a\000t\000e\000s}{section.7.4}% 109
\BOOKMARK [0][-]{chapter.8}{\376\377\000F\000u\000n\000c\000t\000i\000o\000n\000\040\000E\000x\000e\000c\000u\000t\000i\000o\000n\000\040\000M\000e\000c\000h\000a\000n\000i\000c\000s\000,\000\040\000L\000e\000x\000i\000c\000a\000l\000\040\000S\000c\000o\000p\000e\000s\000,\000\040\000a\000n\000d\000\040\000A\000d\000v\000a\000n\000c\000e\000d\000\040\000C\000o\000n\000t\000r\000o\000l\000\040\000A\000r\000c\000h\000i\000t\000e\000c\000t\000u\000r\000e}{}% 110
\BOOKMARK [1][-]{section.8.1}{\376\377\000A\000n\000a\000t\000o\000m\000y\000\040\000a\000n\000d\000\040\000D\000e\000f\000i\000n\000i\000t\000i\000o\000n\000\040\000o\000f\000\040\000F\000u\000n\000c\000t\000i\000o\000n\000s}{chapter.8}% 111
\BOOKMARK [2][-]{subsection.8.1.1}{\376\377\000S\000t\000r\000u\000c\000t\000u\000r\000a\000l\000\040\000S\000y\000n\000t\000a\000x\000\040\000a\000n\000d\000\040\000F\000u\000n\000c\000t\000i\000o\000n\000\040\000O\000b\000j\000e\000c\000t\000\040\000C\000r\000e\000a\000t\000i\000o\000n}{section.8.1}% 112
\BOOKMARK [2][-]{subsection.8.1.2}{\376\377\000R\000e\000t\000u\000r\000n\000\040\000S\000e\000m\000a\000n\000t\000i\000c\000s\000\040\000a\000n\000d\000\040\000F\000r\000a\000m\000e\000\040\000T\000e\000r\000m\000i\000n\000a\000t\000i\000o\000n}{section.8.1}% 113
\BOOKMARK [1][-]{section.8.2}{\376\377\000F\000u\000n\000c\000t\000i\000o\000n\000\040\000C\000a\000l\000l\000\040\000M\000e\000c\000h\000a\000n\000i\000c\000s\000\040\000a\000n\000d\000\040\000P\000a\000r\000a\000m\000e\000t\000e\000r\000\040\000B\000i\000n\000d\000i\000n\000g}{chapter.8}% 114
\BOOKMARK [2][-]{subsection.8.2.1}{\376\377\000M\000e\000m\000o\000r\000y\000\040\000S\000e\000m\000a\000n\000t\000i\000c\000s\000\040\000o\000f\000\040\000P\000a\000r\000a\000m\000e\000t\000e\000r\000\040\000P\000a\000s\000s\000i\000n\000g}{section.8.2}% 115
\BOOKMARK [2][-]{subsection.8.2.2}{\376\377\000F\000u\000n\000c\000t\000i\000o\000n\000\040\000S\000i\000g\000n\000a\000t\000u\000r\000e\000\040\000A\000r\000c\000h\000i\000t\000e\000c\000t\000u\000r\000e}{section.8.2}% 116
\BOOKMARK [1][-]{section.8.3}{\376\377\000F\000l\000e\000x\000i\000b\000l\000e\000\040\000P\000a\000r\000a\000m\000e\000t\000r\000i\000z\000a\000t\000i\000o\000n\000\040\000S\000y\000s\000t\000e\000m\000s}{chapter.8}% 117
\BOOKMARK [2][-]{subsection.8.3.1}{\376\377\000V\000a\000r\000i\000a\000d\000i\000c\000\040\000P\000o\000s\000i\000t\000i\000o\000n\000a\000l\000\040\000P\000a\000r\000a\000m\000e\000t\000e\000r\000s}{section.8.3}% 118
\BOOKMARK [2][-]{subsection.8.3.2}{\376\377\000V\000a\000r\000i\000a\000d\000i\000c\000\040\000K\000e\000y\000w\000o\000r\000d\000\040\000P\000a\000r\000a\000m\000e\000t\000e\000r\000s}{section.8.3}% 119
\BOOKMARK [2][-]{subsection.8.3.3}{\376\377\000A\000r\000c\000h\000i\000t\000e\000c\000t\000u\000r\000a\000l\000\040\000P\000i\000t\000f\000a\000l\000l\000s\000\040\000o\000f\000\040\000A\000r\000g\000u\000m\000e\000n\000t\000\040\000E\000v\000a\000l\000u\000a\000t\000i\000o\000n}{section.8.3}% 120
\BOOKMARK [1][-]{section.8.4}{\376\377\000N\000a\000m\000e\000s\000p\000a\000c\000e\000s\000\040\000a\000n\000d\000\040\000V\000a\000r\000i\000a\000b\000l\000e\000\040\000S\000c\000o\000p\000e\000\040\000R\000e\000s\000o\000l\000u\000t\000i\000o\000n}{chapter.8}% 121
\BOOKMARK [2][-]{subsection.8.4.1}{\376\377\000T\000h\000e\000\040\000L\000E\000G\000B\000\040\000R\000u\000l\000e\000\040\000I\000n\000v\000a\000r\000i\000a\000n\000t}{section.8.4}% 122
\BOOKMARK [2][-]{subsection.8.4.2}{\376\377\000M\000u\000t\000a\000t\000i\000n\000g\000\040\000E\000x\000t\000e\000r\000n\000a\000l\000\040\000S\000c\000o\000p\000e\000s}{section.8.4}% 123
\BOOKMARK [1][-]{section.8.5}{\376\377\000R\000u\000n\000t\000i\000m\000e\000\040\000S\000c\000o\000p\000e\000\040\000M\000e\000c\000h\000a\000n\000i\000c\000s\000\040\000a\000n\000d\000\040\000V\000a\000r\000i\000a\000b\000l\000e\000\040\000B\000i\000n\000d\000i\000n\000g\000\040\000A\000n\000a\000l\000y\000s\000i\000s}{chapter.8}% 124
\BOOKMARK [2][-]{subsection.8.5.1}{\376\377\000A\000n\000a\000t\000o\000m\000y\000\040\000o\000f\000\040\000S\000c\000o\000p\000e\000\040\000F\000a\000i\000l\000u\000r\000e\000s}{section.8.5}% 125
\BOOKMARK [2][-]{subsection.8.5.2}{\376\377\000C\000o\000m\000p\000i\000l\000e\000-\000T\000i\000m\000e\000\040\000S\000c\000o\000p\000e\000\040\000D\000i\000s\000a\000m\000b\000i\000g\000u\000a\000t\000i\000o\000n}{section.8.5}% 126
\BOOKMARK [1][-]{section.8.6}{\376\377\000F\000i\000r\000s\000t\000-\000C\000l\000a\000s\000s\000\040\000F\000u\000n\000c\000t\000i\000o\000n\000s\000,\000\040\000C\000l\000o\000s\000u\000r\000e\000s\000,\000\040\000a\000n\000d\000\040\000F\000u\000n\000c\000t\000i\000o\000n\000\040\000T\000r\000a\000n\000s\000f\000o\000r\000m\000a\000t\000i\000o\000n}{chapter.8}% 127
\BOOKMARK [2][-]{subsection.8.6.1}{\376\377\000F\000i\000r\000s\000t\000-\000C\000l\000a\000s\000s\000\040\000C\000i\000t\000i\000z\000e\000n\000s\000\040\000a\000n\000d\000\040\000H\000i\000g\000h\000e\000r\000-\000O\000r\000d\000e\000r\000\040\000F\000u\000n\000c\000t\000i\000o\000n\000s}{section.8.6}% 128
\BOOKMARK [2][-]{subsection.8.6.2}{\376\377\000L\000e\000x\000i\000c\000a\000l\000\040\000C\000l\000o\000s\000u\000r\000e\000s}{section.8.6}% 129
\BOOKMARK [2][-]{subsection.8.6.3}{\376\377\000D\000e\000c\000o\000r\000a\000t\000o\000r\000s}{section.8.6}% 130
\BOOKMARK [1][-]{section.8.7}{\376\377\000N\000o\000n\000-\000P\000r\000e\000e\000m\000p\000t\000i\000v\000e\000\040\000M\000u\000l\000t\000i\000t\000a\000s\000k\000i\000n\000g\000:\000\040\000G\000e\000n\000e\000r\000a\000t\000o\000r\000s\000\040\000a\000n\000d\000\040\000C\000o\000r\000o\000u\000t\000i\000n\000e\000s}{chapter.8}% 131
\BOOKMARK [2][-]{subsection.8.7.1}{\376\377\000L\000a\000z\000y\000\040\000S\000t\000r\000e\000a\000m\000\040\000E\000v\000a\000l\000u\000a\000t\000i\000o\000n\000:\000\040\000G\000e\000n\000e\000r\000a\000t\000o\000r\000s}{section.8.7}% 132
\BOOKMARK [2][-]{subsection.8.7.2}{\376\377\000G\000e\000n\000e\000r\000a\000t\000o\000r\000\040\000D\000e\000l\000e\000g\000a\000t\000i\000o\000n}{section.8.7}% 133
\BOOKMARK [2][-]{subsection.8.7.3}{\376\377\000B\000i\000d\000i\000r\000e\000c\000t\000i\000o\000n\000a\000l\000\040\000D\000a\000t\000a\000\040\000F\000l\000o\000w\000\040\000P\000i\000p\000e\000l\000i\000n\000e\000s}{section.8.7}% 134
\BOOKMARK [2][-]{subsection.8.7.4}{\376\377\000N\000a\000t\000i\000v\000e\000\040\000C\000o\000r\000o\000u\000t\000i\000n\000e\000\040\000B\000r\000i\000d\000g\000e}{section.8.7}% 135
\BOOKMARK [0][-]{chapter.9}{\376\377\000I\000n\000p\000u\000t\000/\000O\000u\000t\000p\000u\000t\000\040\000A\000r\000c\000h\000i\000t\000e\000c\000t\000u\000r\000e\000,\000\040\000F\000i\000l\000e\000\040\000S\000t\000r\000e\000a\000m\000s\000,\000\040\000a\000n\000d\000\040\000E\000x\000t\000e\000r\000n\000a\000l\000\040\000D\000a\000t\000a\000\040\000B\000o\000u\000n\000d\000a\000r\000i\000e\000s}{}% 136
\BOOKMARK [1][-]{section.9.1}{\376\377\000T\000h\000e\000\040\000I\000/\000O\000\040\000B\000o\000u\000n\000d\000a\000r\000y\000:\000\040\000F\000r\000o\000m\000\040\000R\000u\000n\000t\000i\000m\000e\000\040\000O\000b\000j\000e\000c\000t\000s\000\040\000t\000o\000\040\000E\000x\000t\000e\000r\000n\000a\000l\000\040\000S\000y\000s\000t\000e\000m\000s}{chapter.9}% 137
\BOOKMARK [1][-]{section.9.2}{\376\377\000T\000h\000e\000\040\000I\000/\000O\000\040\000B\000o\000u\000n\000d\000a\000r\000y\000:\000\040\000F\000r\000o\000m\000\040\000R\000u\000n\000t\000i\000m\000e\000\040\000O\000b\000j\000e\000c\000t\000s\000\040\000t\000o\000\040\000E\000x\000t\000e\000r\000n\000a\000l\000\040\000S\000y\000s\000t\000e\000m\000s}{chapter.9}% 138
\BOOKMARK [2][-]{subsection.9.2.1}{\376\377\000P\000r\000o\000g\000r\000a\000m\000s\000\040\000a\000s\000\040\000D\000a\000t\000a\000\040\000C\000o\000n\000s\000u\000m\000e\000r\000s\000\040\000a\000n\000d\000\040\000D\000a\000t\000a\000\040\000P\000r\000o\000d\000u\000c\000e\000r\000s}{section.9.2}% 139
\BOOKMARK [2][-]{subsection.9.2.2}{\376\377\000T\000h\000e\000\040\000O\000p\000e\000r\000a\000t\000i\000n\000g\000\040\000S\000y\000s\000t\000e\000m\000\040\000M\000e\000d\000i\000a\000t\000i\000o\000n\000\040\000L\000a\000y\000e\000r}{section.9.2}% 140
\BOOKMARK [1][-]{section.9.3}{\376\377\000F\000i\000l\000e\000\040\000O\000p\000e\000n\000i\000n\000g\000,\000\040\000C\000l\000o\000s\000i\000n\000g\000,\000\040\000a\000n\000d\000\040\000R\000e\000s\000o\000u\000r\000c\000e\000\040\000L\000i\000f\000e\000t\000i\000m\000e}{chapter.9}% 141
\BOOKMARK [2][-]{subsection.9.3.1}{\376\377\000R\000e\000s\000o\000u\000r\000c\000e\000\040\000M\000a\000n\000a\000g\000e\000m\000e\000n\000t\000\040\000I\000n\000v\000a\000r\000i\000a\000n\000t\000s}{section.9.3}% 142
\BOOKMARK [1][-]{section.9.4}{\376\377\000T\000e\000x\000t\000\040\000F\000i\000l\000e\000\040\000R\000e\000a\000d\000i\000n\000g\000\040\000a\000n\000d\000\040\000W\000r\000i\000t\000i\000n\000g}{chapter.9}% 143
\BOOKMARK [2][-]{subsection.9.4.1}{\376\377\000E\000n\000c\000o\000d\000i\000n\000g\000\040\000a\000n\000d\000\040\000D\000e\000c\000o\000d\000i\000n\000g\000\040\000B\000o\000u\000n\000d\000a\000r\000i\000e\000s}{section.9.4}% 144
\BOOKMARK [1][-]{section.9.5}{\376\377\000B\000i\000n\000a\000r\000y\000\040\000F\000i\000l\000e\000\040\000R\000e\000a\000d\000i\000n\000g\000\040\000a\000n\000d\000\040\000W\000r\000i\000t\000i\000n\000g}{chapter.9}% 145
\BOOKMARK [2][-]{subsection.9.5.1}{\376\377\000B\000y\000t\000e\000-\000O\000r\000i\000e\000n\000t\000e\000d\000\040\000D\000a\000t\000a\000\040\000S\000t\000r\000e\000a\000m\000s}{section.9.5}% 146
\BOOKMARK [2][-]{subsection.9.5.2}{\376\377\000B\000i\000n\000a\000r\000y\000\040\000A\000c\000c\000e\000s\000s\000\040\000P\000a\000t\000t\000e\000r\000n\000s}{section.9.5}% 147
\BOOKMARK [1][-]{section.9.6}{\376\377\000F\000i\000l\000e\000s\000y\000s\000t\000e\000m\000\040\000P\000a\000t\000h\000\040\000A\000r\000c\000h\000i\000t\000e\000c\000t\000u\000r\000e}{chapter.9}% 148
\BOOKMARK [2][-]{subsection.9.6.1}{\376\377\000P\000a\000t\000h\000s\000\040\000a\000s\000\040\000S\000t\000r\000u\000c\000t\000u\000r\000e\000d\000\040\000F\000i\000l\000e\000s\000y\000s\000t\000e\000m\000\040\000R\000e\000f\000e\000r\000e\000n\000c\000e\000s}{section.9.6}% 149
\BOOKMARK [2][-]{subsection.9.6.2}{\376\377\000F\000i\000l\000e\000s\000y\000s\000t\000e\000m\000\040\000I\000n\000s\000p\000e\000c\000t\000i\000o\000n\000\040\000a\000n\000d\000\040\000M\000a\000n\000i\000p\000u\000l\000a\000t\000i\000o\000n}{section.9.6}% 150
\BOOKMARK [1][-]{section.9.7}{\376\377\000S\000t\000r\000u\000c\000t\000u\000r\000e\000d\000\040\000D\000a\000t\000a\000\040\000I\000n\000t\000e\000r\000c\000h\000a\000n\000g\000e}{chapter.9}% 151
\BOOKMARK [2][-]{subsection.9.7.1}{\376\377\000J\000S\000O\000N\000\040\000D\000a\000t\000a\000\040\000B\000o\000u\000n\000d\000a\000r\000i\000e\000s}{section.9.7}% 152
\BOOKMARK [2][-]{subsection.9.7.2}{\376\377\000O\000b\000j\000e\000c\000t\000\040\000S\000e\000r\000i\000a\000l\000i\000z\000a\000t\000i\000o\000n\000\040\000M\000e\000c\000h\000a\000n\000i\000c\000s\000:\000\040\000T\000h\000e\000\040\000I\000n\000t\000e\000r\000n\000a\000l\000\040\000W\000o\000r\000k\000i\000n\000g\000\040\000o\000f\000\040\000t\000h\000e\000\040\000p\000i\000c\000k\000l\000e\000\040\000P\000r\000o\000t\000o\000c\000o\000l}{section.9.7}% 153
\BOOKMARK [1][-]{section.9.8}{\376\377\000E\000r\000r\000o\000r\000\040\000H\000a\000n\000d\000l\000i\000n\000g\000\040\000i\000n\000\040\000I\000/\000O\000\040\000O\000p\000e\000r\000a\000t\000i\000o\000n\000s}{chapter.9}% 154
\BOOKMARK [2][-]{subsection.9.8.1}{\376\377\000E\000x\000p\000e\000c\000t\000e\000d\000\040\000F\000a\000i\000l\000u\000r\000e\000\040\000M\000o\000d\000e\000s}{section.9.8}% 155
\BOOKMARK [2][-]{subsection.9.8.2}{\376\377\000D\000e\000f\000e\000n\000s\000i\000v\000e\000\040\000I\000/\000O\000\040\000P\000a\000t\000t\000e\000r\000n\000s}{section.9.8}% 156
\BOOKMARK [1][-]{section.9.9}{\376\377\000P\000r\000a\000c\000t\000i\000c\000a\000l\000\040\000E\000x\000t\000e\000r\000n\000a\000l\000\040\000D\000a\000t\000a\000\040\000P\000i\000p\000e\000l\000i\000n\000e\000s}{chapter.9}% 157
\BOOKMARK [2][-]{subsection.9.9.1}{\376\377\000S\000t\000r\000e\000a\000m\000i\000n\000g\000\040\000L\000a\000r\000g\000e\000\040\000I\000n\000p\000u\000t\000s}{section.9.9}% 158
\BOOKMARK [2][-]{subsection.9.9.2}{\376\377\000T\000r\000a\000n\000s\000f\000o\000r\000m\000i\000n\000g\000\040\000E\000x\000t\000e\000r\000n\000a\000l\000\040\000D\000a\000t\000a}{section.9.9}% 159
\BOOKMARK [0][-]{chapter*.330}{\376\377\000L\000i\000s\000t\000\040\000o\000f\000\040\000F\000i\000g\000u\000r\000e\000s}{}% 160
\BOOKMARK [0][-]{chapter*.331}{\376\377\000B\000i\000b\000l\000i\000o\000g\000r\000a\000p\000h\000y}{}% 161
